<html>
<body>
<pre>
<h1>�Vision Build Log</h1>
<h2>Tool Versions:</h2>
IDE-Version: ��Vision V5.24.2.0
Copyright (C) 2017 ARM Ltd and ARM Germany GmbH. All rights reserved.
License Information: 1 1, 1, LIC=MPPLD-837MW-63PMB-2R134-MQ364-UX0SA
 
Tool Versions:
Toolchain:       MDK-ARM Plus  Version: 5.24.1
Toolchain Path:  C:\Keil_v5\ARM\ARMCC\Bin
C Compiler:      Armcc.exe V5.06 update 5 (build 528)
Assembler:       Armasm.exe V5.06 update 5 (build 528)
Linker/Locator:  ArmLink.exe V5.06 update 5 (build 528)
Library Manager: ArmAr.exe V5.06 update 5 (build 528)
Hex Converter:   FromElf.exe V5.06 update 5 (build 528)
CPU DLL:         SARMCM3.DLL V5.24.1
Dialog DLL:      DCM.DLL V1.16.0.0
Target DLL:      CMSIS_AGDI.dll V1.28.3.0
Dialog DLL:      TCM.DLL V1.32.0.0
 
<h2>Project:</h2>
E:\STM32\6-1 ʱ��Ƭ����ϵͳ������\Project.uvprojx
Project File Date:  05/08/2024

<h2>Output:</h2>
*** Using Compiler 'V5.06 update 5 (build 528)', folder: 'C:\Keil_v5\ARM\ARMCC\Bin'
Build target 'Target 1'
compiling main.c...
User\main.c(38): warning:  #1295-D: Deprecated declaration LED_Scan - give arg types
  void LED_Scan();
User\main.c(289): warning:  #870-D: invalid multibyte character sequence
                  printf("已关闭闹�? \r\n");
User\main.c(291): warning:  #870-D: invalid multibyte character sequence
                  printf("已开启闹�? \r\n");
User\main.c(331): warning:  #870-D: invalid multibyte character sequence
              printf("当前温度�?%3.2f℃，CPU温度�?%3.2f℃，光照度：%4d \r\n", adcx, cputemp, adcValue);
User\main.c(331): warning:  #870-D: invalid multibyte character sequence
              printf("当前温度�?%3.2f℃，CPU温度�?%3.2f℃，光照度：%4d \r\n", adcx, cputemp, adcValue);
User\main.c(403): warning:  #870-D: invalid multibyte character sequence
                  printf("闹钟设置�? %2d:%2d \r\n", S_hour, S_min);
User\main.c(409): warning:  #870-D: invalid multibyte character sequence
                      printf("开始设置时�? \r\n");
User\main.c: 7 warnings, 0 errors
linking...
Program Size: Code=16512 RO-data=604 RW-data=168 ZI-data=1720  
".\Objects\Project.axf" - 0 Error(s), 7 Warning(s).

<h2>Software Packages used:</h2>

Package Vendor: Keil
                http://www.keil.com/pack/Keil.STM32F1xx_DFP.2.3.0.pack
                Keil.STM32F1xx_DFP.2.3.0
                STMicroelectronics STM32F1 Series Device Support, Drivers and Examples

<h2>Collection of Component include folders:</h2>
  .\RTE\_Target_1
  C:\Keil_v5\ARM\PACK\Keil\STM32F1xx_DFP\2.3.0\Device\Include

<h2>Collection of Component Files used:</h2>
Build Time Elapsed:  00:00:01
</pre>
</body>
</html>
