Component: ARM Compiler 5.06 update 5 (build 528) Tool: armlink [4d35e2]

==============================================================================

Section Cross References

    startup_stm32f10x_md.o(STACK) refers (Special) to heapauxi.o(.text) for __use_two_region_memory
    startup_stm32f10x_md.o(HEAP) refers (Special) to heapauxi.o(.text) for __use_two_region_memory
    startup_stm32f10x_md.o(RESET) refers (Special) to heapauxi.o(.text) for __use_two_region_memory
    startup_stm32f10x_md.o(RESET) refers to startup_stm32f10x_md.o(STACK) for __initial_sp
    startup_stm32f10x_md.o(RESET) refers to startup_stm32f10x_md.o(.text) for Reset_Handler
    startup_stm32f10x_md.o(RESET) refers to stm32f10x_it.o(i.NMI_Handler) for NMI_Handler
    startup_stm32f10x_md.o(RESET) refers to stm32f10x_it.o(i.HardFault_Handler) for HardFault_Handler
    startup_stm32f10x_md.o(RESET) refers to stm32f10x_it.o(i.MemManage_Handler) for MemManage_Handler
    startup_stm32f10x_md.o(RESET) refers to stm32f10x_it.o(i.BusFault_Handler) for BusFault_Handler
    startup_stm32f10x_md.o(RESET) refers to stm32f10x_it.o(i.UsageFault_Handler) for UsageFault_Handler
    startup_stm32f10x_md.o(RESET) refers to stm32f10x_it.o(i.SVC_Handler) for SVC_Handler
    startup_stm32f10x_md.o(RESET) refers to stm32f10x_it.o(i.DebugMon_Handler) for DebugMon_Handler
    startup_stm32f10x_md.o(RESET) refers to stm32f10x_it.o(i.PendSV_Handler) for PendSV_Handler
    startup_stm32f10x_md.o(RESET) refers to stm32f10x_it.o(i.SysTick_Handler) for SysTick_Handler
    startup_stm32f10x_md.o(RESET) refers to main.o(i.EXTI0_IRQHandler) for EXTI0_IRQHandler
    startup_stm32f10x_md.o(RESET) refers to main.o(i.EXTI1_IRQHandler) for EXTI1_IRQHandler
    startup_stm32f10x_md.o(RESET) refers to main.o(i.EXTI2_IRQHandler) for EXTI2_IRQHandler
    startup_stm32f10x_md.o(RESET) refers to main.o(i.EXTI3_IRQHandler) for EXTI3_IRQHandler
    startup_stm32f10x_md.o(RESET) refers to main.o(i.TIM3_IRQHandler) for TIM3_IRQHandler
    startup_stm32f10x_md.o(RESET) refers to main.o(i.USART1_IRQHandler) for USART1_IRQHandler
    startup_stm32f10x_md.o(.text) refers (Special) to heapauxi.o(.text) for __use_two_region_memory
    startup_stm32f10x_md.o(.text) refers to system_stm32f10x.o(i.SystemInit) for SystemInit
    startup_stm32f10x_md.o(.text) refers to __main.o(!!!main) for __main
    startup_stm32f10x_md.o(.text) refers to startup_stm32f10x_md.o(HEAP) for Heap_Mem
    startup_stm32f10x_md.o(.text) refers to startup_stm32f10x_md.o(STACK) for Stack_Mem
    system_stm32f10x.o(i.SetSysClock) refers to system_stm32f10x.o(i.SetSysClockTo72) for SetSysClockTo72
    system_stm32f10x.o(i.SystemCoreClockUpdate) refers to system_stm32f10x.o(.data) for SystemCoreClock
    system_stm32f10x.o(i.SystemInit) refers to system_stm32f10x.o(i.SetSysClock) for SetSysClock
    stm32f10x_adc.o(i.ADC_DeInit) refers to stm32f10x_rcc.o(i.RCC_APB2PeriphResetCmd) for RCC_APB2PeriphResetCmd
    stm32f10x_bkp.o(i.BKP_DeInit) refers to stm32f10x_rcc.o(i.RCC_BackupResetCmd) for RCC_BackupResetCmd
    stm32f10x_can.o(i.CAN_DeInit) refers to stm32f10x_rcc.o(i.RCC_APB1PeriphResetCmd) for RCC_APB1PeriphResetCmd
    stm32f10x_can.o(i.CAN_GetITStatus) refers to stm32f10x_can.o(i.CheckITStatus) for CheckITStatus
    stm32f10x_cec.o(i.CEC_DeInit) refers to stm32f10x_rcc.o(i.RCC_APB1PeriphResetCmd) for RCC_APB1PeriphResetCmd
    stm32f10x_dac.o(i.DAC_DeInit) refers to stm32f10x_rcc.o(i.RCC_APB1PeriphResetCmd) for RCC_APB1PeriphResetCmd
    stm32f10x_flash.o(i.FLASH_EnableWriteProtection) refers to stm32f10x_flash.o(i.FLASH_WaitForLastOperation) for FLASH_WaitForLastOperation
    stm32f10x_flash.o(i.FLASH_EraseAllBank1Pages) refers to stm32f10x_flash.o(i.FLASH_WaitForLastBank1Operation) for FLASH_WaitForLastBank1Operation
    stm32f10x_flash.o(i.FLASH_EraseAllPages) refers to stm32f10x_flash.o(i.FLASH_WaitForLastOperation) for FLASH_WaitForLastOperation
    stm32f10x_flash.o(i.FLASH_EraseOptionBytes) refers to stm32f10x_flash.o(i.FLASH_GetReadOutProtectionStatus) for FLASH_GetReadOutProtectionStatus
    stm32f10x_flash.o(i.FLASH_EraseOptionBytes) refers to stm32f10x_flash.o(i.FLASH_WaitForLastOperation) for FLASH_WaitForLastOperation
    stm32f10x_flash.o(i.FLASH_ErasePage) refers to stm32f10x_flash.o(i.FLASH_WaitForLastOperation) for FLASH_WaitForLastOperation
    stm32f10x_flash.o(i.FLASH_ProgramHalfWord) refers to stm32f10x_flash.o(i.FLASH_WaitForLastOperation) for FLASH_WaitForLastOperation
    stm32f10x_flash.o(i.FLASH_ProgramOptionByteData) refers to stm32f10x_flash.o(i.FLASH_WaitForLastOperation) for FLASH_WaitForLastOperation
    stm32f10x_flash.o(i.FLASH_ProgramWord) refers to stm32f10x_flash.o(i.FLASH_WaitForLastOperation) for FLASH_WaitForLastOperation
    stm32f10x_flash.o(i.FLASH_ReadOutProtection) refers to stm32f10x_flash.o(i.FLASH_WaitForLastOperation) for FLASH_WaitForLastOperation
[...]
    System\usart.c                           0x00000000   Number         0  usart.o ABSOLUTE
    User\main.c                              0x00000000   Number         0  main.o ABSOLUTE
    User\stm32f10x_it.c                      0x00000000   Number         0  stm32f10x_it.o ABSOLUTE
    dc.s                                     0x00000000   Number         0  dc.o ABSOLUTE
    RESET                                    0x08000000   Section      236  startup_stm32f10x_md.o(RESET)
    !!!main                                  0x080000ec   Section        8  __main.o(!!!main)
    !!!scatter                               0x080000f4   Section       52  __scatter.o(!!!scatter)
    !!handler_copy                           0x08000128   Section       26  __scatter_copy.o(!!handler_copy)
    !!handler_zi                             0x08000144   Section       28  __scatter_zi.o(!!handler_zi)
    .ARM.Collect$$_printf_percent$$00000000  0x08000160   Section        0  _printf_percent.o(.ARM.Collect$$_printf_percent$$00000000)
    .ARM.Collect$$_printf_percent$$00000003  0x08000160   Section        6  _printf_f.o(.ARM.Collect$$_printf_percent$$00000003)
    .ARM.Collect$$_printf_percent$$00000009  0x08000166   Section        6  _printf_d.o(.ARM.Collect$$_printf_percent$$00000009)
    .ARM.Collect$$_printf_percent$$00000017  0x0800016c   Section        4  _printf_percent_end.o(.ARM.Collect$$_printf_percent$$00000017)
    .ARM.Collect$$libinit$$00000000          0x08000170   Section        2  libinit.o(.ARM.Collect$$libinit$$00000000)
    .ARM.Collect$$libinit$$00000002          0x08000172   Section        0  libinit2.o(.ARM.Collect$$libinit$$00000002)
    .ARM.Collect$$libinit$$00000004          0x08000172   Section        0  libinit2.o(.ARM.Collect$$libinit$$00000004)
    .ARM.Collect$$libinit$$0000000A          0x08000172   Section        0  libinit2.o(.ARM.Collect$$libinit$$0000000A)
    .ARM.Collect$$libinit$$0000000C          0x08000172   Section        0  libinit2.o(.ARM.Collect$$libinit$$0000000C)
    .ARM.Collect$$libinit$$0000000E          0x08000172   Section        0  libinit2.o(.ARM.Collect$$libinit$$0000000E)
    .ARM.Collect$$libinit$$0000000F          0x08000172   Section        6  libinit2.o(.ARM.Collect$$libinit$$0000000F)
    .ARM.Collect$$libinit$$00000011          0x08000178   Section        0  libinit2.o(.ARM.Collect$$libinit$$00000011)
    .ARM.Collect$$libinit$$00000013          0x08000178   Section        0  libinit2.o(.ARM.Collect$$libinit$$00000013)
    .ARM.Collect$$libinit$$00000015          0x08000178   Section        0  libinit2.o(.ARM.Collect$$libinit$$00000015)
    .ARM.Collect$$libinit$$00000016          0x08000178   Section       10  libinit2.o(.ARM.Collect$$libinit$$00000016)
    .ARM.Collect$$libinit$$00000017          0x08000182   Section        0  libinit2.o(.ARM.Collect$$libinit$$00000017)
    .ARM.Collect$$libinit$$00000019          0x08000182   Section        0  libinit2.o(.ARM.Collect$$libinit$$00000019)
    .ARM.Collect$$libinit$$0000001B          0x08000182   Section        0  libinit2.o(.ARM.Collect$$libinit$$0000001B)
    .ARM.Collect$$libinit$$0000001D          0x08000182   Section        0  libinit2.o(.ARM.Collect$$libinit$$0000001D)
    .ARM.Collect$$libinit$$0000001F          0x08000182   Section        0  libinit2.o(.ARM.Collect$$libinit$$0000001F)
    .ARM.Collect$$libinit$$00000021          0x08000182   Section        0  libinit2.o(.ARM.Collect$$libinit$$00000021)
    .ARM.Collect$$libinit$$00000023          0x08000182   Section        0  libinit2.o(.ARM.Collect$$libinit$$00000023)
    .ARM.Collect$$libinit$$00000025          0x08000182   Section        0  libinit2.o(.ARM.Collect$$libinit$$00000025)
    .ARM.Collect$$libinit$$0000002C          0x08000182   Section        0  libinit2.o(.ARM.Collect$$libinit$$0000002C)
    .ARM.Collect$$libinit$$0000002E          0x08000182   Section        0  libinit2.o(.ARM.Collect$$libinit$$0000002E)
    .ARM.Collect$$libinit$$00000030          0x08000182   Section        0  libinit2.o(.ARM.Collect$$libinit$$00000030)
    .ARM.Collect$$libinit$$00000032          0x08000182   Section        0  libinit2.o(.ARM.Collect$$libinit$$00000032)
    .ARM.Collect$$libinit$$00000033          0x08000182   Section        2  libinit2.o(.ARM.Collect$$libinit$$00000033)
    .ARM.Collect$$libshutdown$$00000000      0x08000184   Section        2  libshutdown.o(.ARM.Collect$$libshutdown$$00000000)
    .ARM.Collect$$libshutdown$$00000002      0x08000186   Section        0  libshutdown2.o(.ARM.Collect$$libshutdown$$00000002)
    .ARM.Collect$$libshutdown$$00000004      0x08000186   Section        0  libshutdown2.o(.ARM.Collect$$libshutdown$$00000004)
    .ARM.Collect$$libshutdown$$00000007      0x08000186   Section        0  libshutdown2.o(.ARM.Collect$$libshutdown$$00000007)
    .ARM.Collect$$libshutdown$$0000000A      0x08000186   Section        0  libshutdown2.o(.ARM.Collect$$libshutdown$$0000000A)
    .ARM.Collect$$libshutdown$$0000000C      0x08000186   Section        0  libshutdown2.o(.ARM.Collect$$libshutdown$$0000000C)
    .ARM.Collect$$libshutdown$$0000000F      0x08000186   Section        0  libshutdown2.o(.ARM.Collect$$libshutdown$$0000000F)
    .ARM.Collect$$libshutdown$$00000010      0x08000186   Section        2  libshutdown2.o(.ARM.Collect$$libshutdown$$00000010)
    .ARM.Collect$$rtentry$$00000000          0x08000188   Section        0  __rtentry.o(.ARM.Collect$$rtentry$$00000000)
    .ARM.Collect$$rtentry$$00000002          0x08000188   Section        0  __rtentry2.o(.ARM.Collect$$rtentry$$00000002)
    .ARM.Collect$$rtentry$$00000004          0x08000188   Section        6  __rtentry4.o(.ARM.Collect$$rtentry$$00000004)
    .ARM.Collect$$rtentry$$00000009          0x0800018e   Section        0  __rtentry2.o(.ARM.Collect$$rtentry$$00000009)
    .ARM.Collect$$rtentry$$0000000A          0x0800018e   Section        4  __rtentry2.o(.ARM.Collect$$rtentry$$0000000A)
    .ARM.Collect$$rtentry$$0000000C          0x08000192   Section        0  __rtentry2.o(.ARM.Collect$$rtentry$$0000000C)
    .ARM.Collect$$rtentry$$0000000D          0x08000192   Section        8  __rtentry2.o(.ARM.Collect$$rtentry$$0000000D)
    .ARM.Collect$$rtexit$$00000000           0x0800019a   Section        2  rtexit.o(.ARM.Collect$$rtexit$$00000000)
    .ARM.Collect$$rtexit$$00000002           0x0800019c   Section        0  rtexit2.o(.ARM.Collect$$rtexit$$00000002)
    .ARM.Collect$$rtexit$$00000003           0x0800019c   Section        4  rtexit2.o(.ARM.Collect$$rtexit$$00000003)
    .ARM.Collect$$rtexit$$00000004           0x080001a0   Section        6  rtexit2.o(.ARM.Collect$$rtexit$$00000004)
    .text                                    0x080001a8   Section       64  startup_stm32f10x_md.o(.text)
    .text                                    0x080001e8   Section        2  use_no_semi_2.o(.text)
    .text                                    0x080001ec   Section        0  noretval__2printf.o(.text)
    .text                                    0x08000204   Section        0  _printf_pad.o(.text)
    .text                                    0x08000254   Section        0  _printf_dec.o(.text)
    .text                                    0x080002cc   Section        0  __printf_wp.o(.text)
    .text                                    0x080003da   Section      100  rt_memcpy_w.o(.text)
    .text                                    0x0800043e   Section        0  heapauxi.o(.text)
    .text                                    0x08000444   Section        2  use_no_semi.o(.text)
    .text                                    0x08000446   Section        0  _rserrno.o(.text)
    .text                                    0x0800045c   Section        0  _printf_intcommon.o(.text)
    .text                                    0x0800050e   Section        0  _printf_fp_dec.o(.text)
    _fp_digits                               0x08000511   Thumb Code   432  _printf_fp_dec.o(.text)
    .text                                    0x0800092c   Section        0  _printf_char_file.o(.text)
    .text                                    0x08000950   Section        8  rt_locale_intlibspace.o(.text)
    .text                                    0x08000958   Section        8  rt_errno_addr_intlibspace.o(.text)
    .text                                    0x08000960   Section      138  lludiv10.o(.text)
    .text                                    0x080009ec   Section        0  _printf_char_common.o(.text)
    _printf_input_char                       0x080009ed   Thumb Code    10  _printf_char_common.o(.text)
    .text                                    0x08000a1c   Section        0  _printf_fp_infnan.o(.text)
    .text                                    0x08000a9c   Section        0  bigflt0.o(.text)
    .text                                    0x08000b80   Section        0  ferror.o(.text)
    .text                                    0x08000b88   Section        8  libspace.o(.text)
    .text                                    0x08000b90   Section       74  sys_stackheap_outer.o(.text)
    .text                                    0x08000bda   Section        0  exit.o(.text)
    .text                                    0x08000bec   Section      128  strcmpv7m.o(.text)
    CL$$btod_d2e                             0x08000c6c   Section       62  btod.o(CL$$btod_d2e)
    CL$$btod_d2e_denorm_low                  0x08000caa   Section       70  btod.o(CL$$btod_d2e_denorm_low)
    CL$$btod_d2e_norm_op1                    0x08000cf0   Section       96  btod.o(CL$$btod_d2e_norm_op1)
    CL$$btod_div_common                      0x08000d50   Section      824  btod.o(CL$$btod_div_common)
    CL$$btod_e2e                             0x08001088   Section      220  btod.o(CL$$btod_e2e)
    CL$$btod_ediv                            0x08001164   Section       42  btod.o(CL$$btod_ediv)
    CL$$btod_emul                            0x0800118e   Section       42  btod.o(CL$$btod_emul)
    CL$$btod_mult_common                     0x080011b8   Section      580  btod.o(CL$$btod_mult_common)
    i.AT24CXX_Init                           0x080013fc   Section        0  24cxx.o(i.AT24CXX_Init)
    i.AT24CXX_ReadOneByte                    0x08001404   Section        0  24cxx.o(i.AT24CXX_ReadOneByte)
    i.AT24CXX_WriteOneByte                   0x0800145c   Section        0  24cxx.o(i.AT24CXX_WriteOneByte)
    i.BusFault_Handler                       0x080014ac   Section        0  stm32f10x_it.o(i.BusFault_Handler)
    i.DebugMon_Handler                       0x080014b0   Section        0  stm32f10x_it.o(i.DebugMon_Handler)
    i.Duty_1000ms                            0x080014b4   Section        0  main.o(i.Duty_1000ms)
    i.Duty_100ms                             0x08001504   Section        0  main.o(i.Duty_100ms)
    i.Duty_10ms                              0x080015e8   Section        0  main.o(i.Duty_10ms)
    i.Duty_1ms                               0x080015ec   Section        0  main.o(i.Duty_1ms)
    i.Duty_20ms                              0x0800162c   Section        0  main.o(i.Duty_20ms)
    i.Duty_2ms                               0x0800162e   Section        0  main.o(i.Duty_2ms)
    i.Duty_50ms                              0x08001630   Section        0  main.o(i.Duty_50ms)
    i.Duty_5ms                               0x080016b4   Section        0  main.o(i.Duty_5ms)
    i.Duty_Loop                              0x080016cc   Section        0  main.o(i.Duty_Loop)
    i.EXTI0_IRQHandler                       0x08001768   Section        0  main.o(i.EXTI0_IRQHandler)
    i.EXTI1_IRQHandler                       0x080017d4   Section        0  main.o(i.EXTI1_IRQHandler)
    i.EXTI2_IRQHandler                       0x0800184c   Section        0  main.o(i.EXTI2_IRQHandler)
    i.EXTI3_IRQHandler                       0x080018b8   Section        0  main.o(i.EXTI3_IRQHandler)
    i.EXTI_ClearITPendingBit                 0x08001928   Section        0  stm32f10x_exti.o(i.EXTI_ClearITPendingBit)
    i.EXTI_GetITStatus                       0x08001934   Section        0  stm32f10x_exti.o(i.EXTI_GetITStatus)
    i.EXTI_Init                              0x0800195c   Section        0  stm32f10x_exti.o(i.EXTI_Init)
    i.GPIO_EXTILineConfig                    0x080019f0   Section        0  stm32f10x_gpio.o(i.GPIO_EXTILineConfig)
    i.GPIO_Init                              0x08001a30   Section        0  stm32f10x_gpio.o(i.GPIO_Init)
    i.GPIO_PinRemapConfig                    0x08001b48   Section        0  stm32f10x_gpio.o(i.GPIO_PinRemapConfig)
    i.GPIO_ReadInputDataBit                  0x08001bd8   Section        0  stm32f10x_gpio.o(i.GPIO_ReadInputDataBit)
    i.GPIO_ResetBits                         0x08001bea   Section        0  stm32f10x_gpio.o(i.GPIO_ResetBits)
    i.GPIO_SetBits                           0x08001bee   Section        0  stm32f10x_gpio.o(i.GPIO_SetBits)
    i.GPIO_WriteBit                          0x08001bf2   Section        0  stm32f10x_gpio.o(i.GPIO_WriteBit)
    i.GetAdc                                 0x08001bfc   Section        0  adc.o(i.GetAdc)
    i.GetCPUTemperature                      0x08001c90   Section        0  adc.o(i.GetCPUTemperature)
    i.GetLightAdc                            0x08001d0c   Section        0  adc.o(i.GetLightAdc)
    i.GetTemperature                         0x08001d20   Section        0  adc.o(i.GetTemperature)
    i.GetTemperatureAdc                      0x08001e28   Section        0  adc.o(i.GetTemperatureAdc)
    i.HardFault_Handler                      0x08001e3c   Section        0  stm32f10x_it.o(i.HardFault_Handler)
    i.IIC_Ack                                0x08001e40   Section        0  myiic.o(i.IIC_Ack)
    i.IIC_Init                               0x08001e90   Section        0  myiic.o(i.IIC_Init)
    i.IIC_NAck                               0x08001ecc   Section        0  myiic.o(i.IIC_NAck)
    i.IIC_Read_Byte                          0x08001f1c   Section        0  myiic.o(i.IIC_Read_Byte)
    i.IIC_Send_Byte                          0x08001f8c   Section        0  myiic.o(i.IIC_Send_Byte)
    i.IIC_Start                              0x08001ff4   Section        0  myiic.o(i.IIC_Start)
    i.IIC_Stop                               0x08002040   Section        0  myiic.o(i.IIC_Stop)
    i.IIC_Wait_Ack                           0x0800208c   Section        0  myiic.o(i.IIC_Wait_Ack)
    i.Key_Init                               0x080020f0   Section        0  key.o(i.Key_Init)
    i.LED_Init                               0x080021dc   Section        0  led.o(i.LED_Init)
    i.LED_Scan                               0x08002244   Section        0  main.o(i.LED_Scan)
    i.LedValue                               0x080022a4   Section        0  led.o(i.LedValue)
    i.Loop_Check                             0x080022c0   Section        0  main.o(i.Loop_Check)
    i.MemManage_Handler                      0x08002318   Section        0  stm32f10x_it.o(i.MemManage_Handler)
    i.NMI_Handler                            0x0800231c   Section        0  stm32f10x_it.o(i.NMI_Handler)
    i.NVIC_Init                              0x08002320   Section        0  misc.o(i.NVIC_Init)
    i.NVIC_PriorityGroupConfig               0x08002390   Section        0  misc.o(i.NVIC_PriorityGroupConfig)
    i.PendSV_Handler                         0x080023a4   Section        0  stm32f10x_it.o(i.PendSV_Handler)
    i.PortationDisplay                       0x080023a8   Section        0  led.o(i.PortationDisplay)
    i.RCC_APB2PeriphClockCmd                 0x0800240c   Section        0  stm32f10x_rcc.o(i.RCC_APB2PeriphClockCmd)
    i.SVC_Handler                            0x0800242c   Section        0  stm32f10x_it.o(i.SVC_Handler)
    i.SetLed                                 0x08002430   Section        0  led.o(i.SetLed)
    i.SetSysClock                            0x08002494   Section        0  system_stm32f10x.o(i.SetSysClock)
    SetSysClock                              0x08002495   Thumb Code     8  system_stm32f10x.o(i.SetSysClock)
    i.SetSysClockTo72                        0x0800249c   Section        0  system_stm32f10x.o(i.SetSysClockTo72)
    SetSysClockTo72                          0x0800249d   Thumb Code   214  system_stm32f10x.o(i.SetSysClockTo72)
    i.Sound                                  0x0800257c   Section        0  main.o(i.Sound)
    i.SysTick_CLKSourceConfig                0x080025bc   Section        0  misc.o(i.SysTick_CLKSourceConfig)
    i.SysTick_Handler                        0x080025e4   Section        0  stm32f10x_it.o(i.SysTick_Handler)
    i.SystemInit                             0x080025e8   Section        0  system_stm32f10x.o(i.SystemInit)
    i.TIM3_IRQHandler                        0x08002648   Section        0  main.o(i.TIM3_IRQHandler)
    i.TIM_ClearITPendingBit                  0x08002668   Section        0  stm32f10x_tim.o(i.TIM_ClearITPendingBit)
    i.TIM_GetITStatus                        0x0800266e   Section        0  stm32f10x_tim.o(i.TIM_GetITStatus)
    i.TemperatureAndLightAdcInit             0x08002690   Section        0  adc.o(i.TemperatureAndLightAdcInit)
    i.TimerxInit                             0x080027d8   Section        0  timer.o(i.TimerxInit)
    i.USART1_IRQHandler                      0x08002840   Section        0  main.o(i.USART1_IRQHandler)
    i.UsageFault_Handler                     0x080029f0   Section        0  stm32f10x_it.o(i.UsageFault_Handler)
    i.__ARM_fpclassify                       0x080029f4   Section        0  fpclassify.o(i.__ARM_fpclassify)
    i.__kernel_poly                          0x08002a1c   Section        0  poly.o(i.__kernel_poly)
    i.__mathlib_dbl_divzero                  0x08002ac8   Section        0  dunder.o(i.__mathlib_dbl_divzero)
    i.__mathlib_dbl_infnan                   0x08002ad8   Section        0  dunder.o(i.__mathlib_dbl_infnan)
    i.__mathlib_dbl_invalid                  0x08002ade   Section        0  dunder.o(i.__mathlib_dbl_invalid)
    i._is_digit                              0x08002aea   Section        0  __printf_wp.o(i._is_digit)
    i._sys_exit                              0x08002af8   Section        0  usart.o(i._sys_exit)
    i.delay_init                             0x08002afc   Section        0  delay.o(i.delay_init)
    i.delay_ms                               0x08002b40   Section        0  delay.o(i.delay_ms)
    i.delay_us                               0x08002b8c   Section        0  delay.o(i.delay_us)
    i.fputc                                  0x08002bd8   Section        0  usart.o(i.fputc)
    i.get_buf                                0x08002bf4   Section        0  main.o(i.get_buf)
    i.log                                    0x08002c18   Section        0  log.o(i.log)
    i.main                                   0x08002f74   Section        0  main.o(i.main)
    i.play_music                             0x08002fc4   Section        0  main.o(i.play_music)
    i.uart_init                              0x08003094   Section        0  usart.o(i.uart_init)
    locale$$code                             0x08003190   Section       44  lc_numeric_c.o(locale$$code)
    x$fpl$d2f                                0x080031bc   Section       98  d2f.o(x$fpl$d2f)
    x$fpl$dadd                               0x08003220   Section      336  daddsub_clz.o(x$fpl$dadd)
    _dadd1                                   0x08003231   Thumb Code     0  daddsub_clz.o(x$fpl$dadd)
    x$fpl$dcheck1                            0x08003370   Section       16  dcheck1.o(x$fpl$dcheck1)
    x$fpl$dcmpinf                            0x08003380   Section       24  dcmpi.o(x$fpl$dcmpinf)
    x$fpl$ddiv                               0x08003398   Section      688  ddiv.o(x$fpl$ddiv)
    ddiv_entry                               0x0800339f   Thumb Code     0  ddiv.o(x$fpl$ddiv)
    x$fpl$deqf                               0x08003648   Section      120  deqf.o(x$fpl$deqf)
    x$fpl$dflt                               0x080036c0   Section       46  dflt_clz.o(x$fpl$dflt)
    x$fpl$dmul                               0x080036f0   Section      340  dmul.o(x$fpl$dmul)
    x$fpl$dnaninf                            0x08003844   Section      156  dnaninf.o(x$fpl$dnaninf)
    x$fpl$dretinf                            0x080038e0   Section       12  dretinf.o(x$fpl$dretinf)
    x$fpl$drsb                               0x080038ec   Section       22  daddsub_clz.o(x$fpl$drsb)
    x$fpl$dsub                               0x08003904   Section      468  daddsub_clz.o(x$fpl$dsub)
    _dsub1                                   0x08003915   Thumb Code     0  daddsub_clz.o(x$fpl$dsub)
    x$fpl$f2d                                0x08003ad8   Section       86  f2d.o(x$fpl$f2d)
    x$fpl$fadd                               0x08003b30   Section      196  faddsub_clz.o(x$fpl$fadd)
    _fadd1                                   0x08003b3f   Thumb Code     0  faddsub_clz.o(x$fpl$fadd)
    x$fpl$fdiv                               0x08003bf4   Section      388  fdiv.o(x$fpl$fdiv)
    _fdiv1                                   0x08003bf5   Thumb Code     0  fdiv.o(x$fpl$fdiv)
    x$fpl$ffixu                              0x08003d78   Section       62  ffixu.o(x$fpl$ffixu)
    x$fpl$ffltu                              0x08003db8   Section       38  fflt_clz.o(x$fpl$ffltu)
    x$fpl$fmul                               0x08003de0   Section      258  fmul.o(x$fpl$fmul)
    x$fpl$fnaninf                            0x08003ee2   Section      140  fnaninf.o(x$fpl$fnaninf)
    x$fpl$fretinf                            0x08003f6e   Section       10  fretinf.o(x$fpl$fretinf)
    x$fpl$frsb                               0x08003f78   Section       20  faddsub_clz.o(x$fpl$frsb)
    x$fpl$fsub                               0x08003f8c   Section      234  faddsub_clz.o(x$fpl$fsub)
    _fsub1                                   0x08003f9b   Thumb Code     0  faddsub_clz.o(x$fpl$fsub)
    x$fpl$printf1                            0x08004076   Section        4  printf1.o(x$fpl$printf1)
    x$fpl$retnan                             0x0800407a   Section      100  retnan.o(x$fpl$retnan)
    x$fpl$scalbn                             0x080040de   Section       92  scalbn.o(x$fpl$scalbn)
    x$fpl$trapveneer                         0x0800413a   Section       48  trapv.o(x$fpl$trapveneer)
    x$fpl$usenofp                            0x0800416a   Section        0  usenofp.o(x$fpl$usenofp)
    .constdata                               0x0800416c   Section       28  main.o(.constdata)
    .constdata                               0x08004188   Section       56  log.o(.constdata)
    Lg2                                      0x08004188   Data          24  log.o(.constdata)
    Lg                                       0x080041a0   Data          32  log.o(.constdata)
    .constdata                               0x080041c0   Section        8  qnan.o(.constdata)
    .constdata                               0x080041c8   Section      148  bigflt0.o(.constdata)
    tenpwrs_x                                0x080041c8   Data          60  bigflt0.o(.constdata)
    tenpwrs_i                                0x08004204   Data          64  bigflt0.o(.constdata)
    .conststring                             0x0800425c   Section       68  main.o(.conststring)
    locale$$data                             0x080042c0   Section       28  lc_numeric_c.o(locale$$data)
    __lcnum_c_name                           0x080042c4   Data           2  lc_numeric_c.o(locale$$data)
    __lcnum_c_start                          0x080042cc   Data           0  lc_numeric_c.o(locale$$data)
    __lcnum_c_point                          0x080042d8   Data           0  lc_numeric_c.o(locale$$data)
    __lcnum_c_thousands                      0x080042da   Data           0  lc_numeric_c.o(locale$$data)
    __lcnum_c_grouping                       0x080042db   Data           0  lc_numeric_c.o(locale$$data)
    __lcnum_c_end                            0x080042dc   Data           0  lc_numeric_c.o(locale$$data)
    .data                                    0x20000000   Section       20  system_stm32f10x.o(.data)
    .data                                    0x20000014   Section        4  delay.o(.data)
    fac_us                                   0x20000014   Data           1  delay.o(.data)
    fac_ms                                   0x20000016   Data           2  delay.o(.data)
    .data                                    0x20000018   Section        5  usart.o(.data)
    .data                                    0x2000001d   Section       50  led.o(.data)
    .data                                    0x20000050   Section       86  main.o(.data)
    .bss                                     0x200000a8   Section       64  usart.o(.bss)
    .bss                                     0x200000e8   Section       18  main.o(.bss)
    .bss                                     0x200000fc   Section       96  libspace.o(.bss)
    HEAP                                     0x20000160   Section      512  startup_stm32f10x_md.o(HEAP)
    Heap_Mem                                 0x20000160   Data         512  startup_stm32f10x_md.o(HEAP)
    STACK                                    0x20000360   Section     1024  startup_stm32f10x_md.o(STACK)
    Stack_Mem                                0x20000360   Data        1024  startup_stm32f10x_md.o(STACK)
    __initial_sp                             0x20000760   Data           0  startup_stm32f10x_md.o(STACK)

    Global Symbols

    Symbol Name                              Value     Ov Type        Size  Object(Section)

    BuildAttributes$$THM_ISAv4$P$D$K$B$S$PE$A:L22UL41UL21$X:L11$S22US41US21$IEEE1$IW$USESV6$~STKCKD$USESV7$~SHL$OTIME$ROPI$IEEEX$EBA8$UX$STANDARDLIB$REQ8$PRES8$EABIv2 0x00000000   Number         0  anon$$obj.o ABSOLUTE
    __ARM_use_no_argv                        0x00000000   Number         0  main.o ABSOLUTE
    _printf_flags                            0x00000000   Number         0  printf_stubs.o ABSOLUTE
    _printf_return_value                     0x00000000   Number         0  printf_stubs.o ABSOLUTE
    _printf_sizespec                         0x00000000   Number         0  printf_stubs.o ABSOLUTE
    _printf_widthprec                        0x00000000   Number         0  printf_stubs.o ABSOLUTE
    __ARM_exceptions_init                     - Undefined Weak Reference
    __alloca_initialize                       - Undefined Weak Reference
    __arm_preinit_                            - Undefined Weak Reference
    __cpp_initialize__aeabi_                  - Undefined Weak Reference
    __cxa_finalize                            - Undefined Weak Reference
    __sigvec_lookup                           - Undefined Weak Reference
    _atexit_init                              - Undefined Weak Reference
    _call_atexit_fns                          - Undefined Weak Reference
    _clock_init                               - Undefined Weak Reference
    _fp_trap_init                             - Undefined Weak Reference
    _fp_trap_shutdown                         - Undefined Weak Reference
    _get_lc_collate                           - Undefined Weak Reference
    _get_lc_ctype                             - Undefined Weak Reference
    _get_lc_monetary                          - Undefined Weak Reference
    _get_lc_time                              - Undefined Weak Reference
    _getenv_init                              - Undefined Weak Reference
    _handle_redirection                       - Undefined Weak Reference
    _init_alloc                               - Undefined Weak Reference
    _init_user_alloc                          - Undefined Weak Reference
    _initio                                   - Undefined Weak Reference
    _mutex_acquire                            - Undefined Weak Reference
    _mutex_release                            - Undefined Weak Reference
    _printf_truncate_signed                   - Undefined Weak Reference
    _printf_truncate_unsigned                 - Undefined Weak Reference
    _rand_init                                - Undefined Weak Reference
    _signal_finish                            - Undefined Weak Reference
    _signal_init                              - Undefined Weak Reference
    _terminate_alloc                          - Undefined Weak Reference
    _terminate_user_alloc                     - Undefined Weak Reference
    _terminateio                              - Undefined Weak Reference
    __Vectors_Size                           0x000000ec   Number         0  startup_stm32f10x_md.o ABSOLUTE
    __Vectors                                0x08000000   Data           4  startup_stm32f10x_md.o(RESET)
    __Vectors_End                            0x080000ec   Data           0  startup_stm32f10x_md.o(RESET)
    __main                                   0x080000ed   Thumb Code     8  __main.o(!!!main)
    __scatterload                            0x080000f5   Thumb Code     0  __scatter.o(!!!scatter)
    __scatterload_rt2                        0x080000f5   Thumb Code    44  __scatter.o(!!!scatter)
    __scatterload_rt2_thumb_only             0x080000f5   Thumb Code     0  __scatter.o(!!!scatter)
    __scatterload_null                       0x08000103   Thumb Code     0  __scatter.o(!!!scatter)
    __scatterload_copy                       0x08000129   Thumb Code    26  __scatter_copy.o(!!handler_copy)
    __scatterload_zeroinit                   0x08000145   Thumb Code    28  __scatter_zi.o(!!handler_zi)
    _printf_f                                0x08000161   Thumb Code     0  _printf_f.o(.ARM.Collect$$_printf_percent$$00000003)
    _printf_percent                          0x08000161   Thumb Code     0  _printf_percent.o(.ARM.Collect$$_printf_percent$$00000000)
    _printf_d                                0x08000167   Thumb Code     0  _printf_d.o(.ARM.Collect$$_printf_percent$$00000009)
    _printf_percent_end                      0x0800016d   Thumb Code     0  _printf_percent_end.o(.ARM.Collect$$_printf_percent$$00000017)
    __rt_lib_init                            0x08000171   Thumb Code     0  libinit.o(.ARM.Collect$$libinit$$00000000)
    __rt_lib_init_fp_1                       0x08000173   Thumb Code     0  libinit2.o(.ARM.Collect$$libinit$$00000002)
    __rt_lib_init_heap_1                     0x08000173   Thumb Code     0  libinit2.o(.ARM.Collect$$libinit$$0000000A)
    __rt_lib_init_lc_common                  0x08000173   Thumb Code     0  libinit2.o(.ARM.Collect$$libinit$$0000000F)
    __rt_lib_init_preinit_1                  0x08000173   Thumb Code     0  libinit2.o(.ARM.Collect$$libinit$$00000004)
    __rt_lib_init_rand_1                     0x08000173   Thumb Code     0  libinit2.o(.ARM.Collect$$libinit$$0000000E)
    __rt_lib_init_user_alloc_1               0x08000173   Thumb Code     0  libinit2.o(.ARM.Collect$$libinit$$0000000C)
    __rt_lib_init_lc_collate_1               0x08000179   Thumb Code     0  libinit2.o(.ARM.Collect$$libinit$$00000011)
    __rt_lib_init_lc_ctype_1                 0x08000179   Thumb Code     0  libinit2.o(.ARM.Collect$$libinit$$00000013)
    __rt_lib_init_lc_monetary_1              0x08000179   Thumb Code     0  libinit2.o(.ARM.Collect$$libinit$$00000015)
    __rt_lib_init_lc_numeric_2               0x08000179   Thumb Code     0  libinit2.o(.ARM.Collect$$libinit$$00000016)
    __rt_lib_init_alloca_1                   0x08000183   Thumb Code     0  libinit2.o(.ARM.Collect$$libinit$$0000002E)
    __rt_lib_init_argv_1                     0x08000183   Thumb Code     0  libinit2.o(.ARM.Collect$$libinit$$0000002C)
    __rt_lib_init_atexit_1                   0x08000183   Thumb Code     0  libinit2.o(.ARM.Collect$$libinit$$0000001B)
    __rt_lib_init_clock_1                    0x08000183   Thumb Code     0  libinit2.o(.ARM.Collect$$libinit$$00000021)
    __rt_lib_init_cpp_1                      0x08000183   Thumb Code     0  libinit2.o(.ARM.Collect$$libinit$$00000032)
    __rt_lib_init_exceptions_1               0x08000183   Thumb Code     0  libinit2.o(.ARM.Collect$$libinit$$00000030)
    __rt_lib_init_fp_trap_1                  0x08000183   Thumb Code     0  libinit2.o(.ARM.Collect$$libinit$$0000001F)
    __rt_lib_init_getenv_1                   0x08000183   Thumb Code     0  libinit2.o(.ARM.Collect$$libinit$$00000023)
    __rt_lib_init_lc_numeric_1               0x08000183   Thumb Code     0  libinit2.o(.ARM.Collect$$libinit$$00000017)
    __rt_lib_init_lc_time_1                  0x08000183   Thumb Code     0  libinit2.o(.ARM.Collect$$libinit$$00000019)
    __rt_lib_init_return                     0x08000183   Thumb Code     0  libinit2.o(.ARM.Collect$$libinit$$00000033)
    __rt_lib_init_signal_1                   0x08000183   Thumb Code     0  libinit2.o(.ARM.Collect$$libinit$$0000001D)
    __rt_lib_init_stdio_1                    0x08000183   Thumb Code     0  libinit2.o(.ARM.Collect$$libinit$$00000025)
    __rt_lib_shutdown                        0x08000185   Thumb Code     0  libshutdown.o(.ARM.Collect$$libshutdown$$00000000)
    __rt_lib_shutdown_cpp_1                  0x08000187   Thumb Code     0  libshutdown2.o(.ARM.Collect$$libshutdown$$00000002)
    __rt_lib_shutdown_fp_trap_1              0x08000187   Thumb Code     0  libshutdown2.o(.ARM.Collect$$libshutdown$$00000007)
    __rt_lib_shutdown_heap_1                 0x08000187   Thumb Code     0  libshutdown2.o(.ARM.Collect$$libshutdown$$0000000F)
    __rt_lib_shutdown_return                 0x08000187   Thumb Code     0  libshutdown2.o(.ARM.Collect$$libshutdown$$00000010)
    __rt_lib_shutdown_signal_1               0x08000187   Thumb Code     0  libshutdown2.o(.ARM.Collect$$libshutdown$$0000000A)
    __rt_lib_shutdown_stdio_1                0x08000187   Thumb Code     0  libshutdown2.o(.ARM.Collect$$libshutdown$$00000004)
    __rt_lib_shutdown_user_alloc_1           0x08000187   Thumb Code     0  libshutdown2.o(.ARM.Collect$$libshutdown$$0000000C)
    __rt_entry                               0x08000189   Thumb Code     0  __rtentry.o(.ARM.Collect$$rtentry$$00000000)
    __rt_entry_presh_1                       0x08000189   Thumb Code     0  __rtentry2.o(.ARM.Collect$$rtentry$$00000002)
    __rt_entry_sh                            0x08000189   Thumb Code     0  __rtentry4.o(.ARM.Collect$$rtentry$$00000004)
    __rt_entry_li                            0x0800018f   Thumb Code     0  __rtentry2.o(.ARM.Collect$$rtentry$$0000000A)
    __rt_entry_postsh_1                      0x0800018f   Thumb Code     0  __rtentry2.o(.ARM.Collect$$rtentry$$00000009)
    __rt_entry_main                          0x08000193   Thumb Code     0  __rtentry2.o(.ARM.Collect$$rtentry$$0000000D)
    __rt_entry_postli_1                      0x08000193   Thumb Code     0  __rtentry2.o(.ARM.Collect$$rtentry$$0000000C)
    __rt_exit                                0x0800019b   Thumb Code     0  rtexit.o(.ARM.Collect$$rtexit$$00000000)
    __rt_exit_ls                             0x0800019d   Thumb Code     0  rtexit2.o(.ARM.Collect$$rtexit$$00000003)
    __rt_exit_prels_1                        0x0800019d   Thumb Code     0  rtexit2.o(.ARM.Collect$$rtexit$$00000002)
    __rt_exit_exit                           0x080001a1   Thumb Code     0  rtexit2.o(.ARM.Collect$$rtexit$$00000004)
    Reset_Handler                            0x080001a9   Thumb Code     8  startup_stm32f10x_md.o(.text)
    ADC1_2_IRQHandler                        0x080001c3   Thumb Code     0  startup_stm32f10x_md.o(.text)
    CAN1_RX1_IRQHandler                      0x080001c3   Thumb Code     0  startup_stm32f10x_md.o(.text)
    CAN1_SCE_IRQHandler                      0x080001c3   Thumb Code     0  startup_stm32f10x_md.o(.text)
    DMA1_Channel1_IRQHandler                 0x080001c3   Thumb Code     0  startup_stm32f10x_md.o(.text)
    DMA1_Channel2_IRQHandler                 0x080001c3   Thumb Code     0  startup_stm32f10x_md.o(.text)
    DMA1_Channel3_IRQHandler                 0x080001c3   Thumb Code     0  startup_stm32f10x_md.o(.text)
    DMA1_Channel4_IRQHandler                 0x080001c3   Thumb Code     0  startup_stm32f10x_md.o(.text)
    DMA1_Channel5_IRQHandler                 0x080001c3   Thumb Code     0  startup_stm32f10x_md.o(.text)
    DMA1_Channel6_IRQHandler                 0x080001c3   Thumb Code     0  startup_stm32f10x_md.o(.text)
    DMA1_Channel7_IRQHandler                 0x080001c3   Thumb Code     0  startup_stm32f10x_md.o(.text)
    EXTI15_10_IRQHandler                     0x080001c3   Thumb Code     0  startup_stm32f10x_md.o(.text)
    EXTI4_IRQHandler                         0x080001c3   Thumb Code     0  startup_stm32f10x_md.o(.text)
    EXTI9_5_IRQHandler                       0x080001c3   Thumb Code     0  startup_stm32f10x_md.o(.text)
    FLASH_IRQHandler                         0x080001c3   Thumb Code     0  startup_stm32f10x_md.o(.text)
    I2C1_ER_IRQHandler                       0x080001c3   Thumb Code     0  startup_stm32f10x_md.o(.text)
    I2C1_EV_IRQHandler                       0x080001c3   Thumb Code     0  startup_stm32f10x_md.o(.text)
    I2C2_ER_IRQHandler                       0x080001c3   Thumb Code     0  startup_stm32f10x_md.o(.text)
    I2C2_EV_IRQHandler                       0x080001c3   Thumb Code     0  startup_stm32f10x_md.o(.text)
    PVD_IRQHandler                           0x080001c3   Thumb Code     0  startup_stm32f10x_md.o(.text)
    RCC_IRQHandler                           0x080001c3   Thumb Code     0  startup_stm32f10x_md.o(.text)
    RTCAlarm_IRQHandler                      0x080001c3   Thumb Code     0  startup_stm32f10x_md.o(.text)
    RTC_IRQHandler                           0x080001c3   Thumb Code     0  startup_stm32f10x_md.o(.text)
    SPI1_IRQHandler                          0x080001c3   Thumb Code     0  startup_stm32f10x_md.o(.text)
    SPI2_IRQHandler                          0x080001c3   Thumb Code     0  startup_stm32f10x_md.o(.text)
    TAMPER_IRQHandler                        0x080001c3   Thumb Code     0  startup_stm32f10x_md.o(.text)
    TIM1_BRK_IRQHandler                      0x080001c3   Thumb Code     0  startup_stm32f10x_md.o(.text)
    TIM1_CC_IRQHandler                       0x080001c3   Thumb Code     0  startup_stm32f10x_md.o(.text)
    TIM1_TRG_COM_IRQHandler                  0x080001c3   Thumb Code     0  startup_stm32f10x_md.o(.text)
    TIM1_UP_IRQHandler                       0x080001c3   Thumb Code     0  startup_stm32f10x_md.o(.text)
    TIM2_IRQHandler                          0x080001c3   Thumb Code     0  startup_stm32f10x_md.o(.text)
    TIM4_IRQHandler                          0x080001c3   Thumb Code     0  startup_stm32f10x_md.o(.text)
    USART2_IRQHandler                        0x080001c3   Thumb Code     0  startup_stm32f10x_md.o(.text)
    USART3_IRQHandler                        0x080001c3   Thumb Code     0  startup_stm32f10x_md.o(.text)
    USBWakeUp_IRQHandler                     0x080001c3   Thumb Code     0  startup_stm32f10x_md.o(.text)
    USB_HP_CAN1_TX_IRQHandler                0x080001c3   Thumb Code     0  startup_stm32f10x_md.o(.text)
    USB_LP_CAN1_RX0_IRQHandler               0x080001c3   Thumb Code     0  startup_stm32f10x_md.o(.text)
    WWDG_IRQHandler                          0x080001c3   Thumb Code     0  startup_stm32f10x_md.o(.text)
    __user_initial_stackheap                 0x080001c5   Thumb Code     0  startup_stm32f10x_md.o(.text)
    __use_no_semihosting                     0x080001e9   Thumb Code     2  use_no_semi_2.o(.text)
    __2printf                                0x080001ed   Thumb Code    20  noretval__2printf.o(.text)
    _printf_pre_padding                      0x08000205   Thumb Code    44  _printf_pad.o(.text)
    _printf_post_padding                     0x08000231   Thumb Code    34  _printf_pad.o(.text)
    _printf_int_dec                          0x08000255   Thumb Code   104  _printf_dec.o(.text)
    __printf                                 0x080002cd   Thumb Code   270  __printf_wp.o(.text)
    __aeabi_memcpy4                          0x080003db   Thumb Code     0  rt_memcpy_w.o(.text)
    __aeabi_memcpy8                          0x080003db   Thumb Code     0  rt_memcpy_w.o(.text)
    __rt_memcpy_w                            0x080003db   Thumb Code   100  rt_memcpy_w.o(.text)
    _memcpy_lastbytes_aligned                0x08000423   Thumb Code     0  rt_memcpy_w.o(.text)
    __use_two_region_memory                  0x0800043f   Thumb Code     2  heapauxi.o(.text)
    __rt_heap_escrow$2region                 0x08000441   Thumb Code     2  heapauxi.o(.text)
    __rt_heap_expand$2region                 0x08000443   Thumb Code     2  heapauxi.o(.text)
    __I$use$semihosting                      0x08000445   Thumb Code     0  use_no_semi.o(.text)
    __use_no_semihosting_swi                 0x08000445   Thumb Code     2  use_no_semi.o(.text)
    __read_errno                             0x08000447   Thumb Code    10  _rserrno.o(.text)
    __set_errno                              0x08000451   Thumb Code    12  _rserrno.o(.text)
    _printf_int_common                       0x0800045d   Thumb Code   178  _printf_intcommon.o(.text)
    __lib_sel_fp_printf                      0x0800050f   Thumb Code     2  _printf_fp_dec.o(.text)
    _printf_fp_dec_real                      0x080006c1   Thumb Code   620  _printf_fp_dec.o(.text)
    _printf_char_file                        0x0800092d   Thumb Code    32  _printf_char_file.o(.text)
    __rt_locale                              0x08000951   Thumb Code     8  rt_locale_intlibspace.o(.text)
    __aeabi_errno_addr                       0x08000959   Thumb Code     8  rt_errno_addr_intlibspace.o(.text)
    __errno$intlibspace                      0x08000959   Thumb Code     0  rt_errno_addr_intlibspace.o(.text)
    __rt_errno_addr$intlibspace              0x08000959   Thumb Code     0  rt_errno_addr_intlibspace.o(.text)
    _ll_udiv10                               0x08000961   Thumb Code   138  lludiv10.o(.text)
    _printf_char_common                      0x080009f7   Thumb Code    32  _printf_char_common.o(.text)
    _printf_fp_infnan                        0x08000a1d   Thumb Code   112  _printf_fp_infnan.o(.text)
    _btod_etento                             0x08000a9d   Thumb Code   224  bigflt0.o(.text)
    ferror                                   0x08000b81   Thumb Code     8  ferror.o(.text)
    __user_libspace                          0x08000b89   Thumb Code     8  libspace.o(.text)
    __user_perproc_libspace                  0x08000b89   Thumb Code     0  libspace.o(.text)
    __user_perthread_libspace                0x08000b89   Thumb Code     0  libspace.o(.text)
    __user_setup_stackheap                   0x08000b91   Thumb Code    74  sys_stackheap_outer.o(.text)
    exit                                     0x08000bdb   Thumb Code    18  exit.o(.text)
    strcmp                                   0x08000bed   Thumb Code   128  strcmpv7m.o(.text)
    _btod_d2e                                0x08000c6d   Thumb Code    62  btod.o(CL$$btod_d2e)
    _d2e_denorm_low                          0x08000cab   Thumb Code    70  btod.o(CL$$btod_d2e_denorm_low)
    _d2e_norm_op1                            0x08000cf1   Thumb Code    96  btod.o(CL$$btod_d2e_norm_op1)
    __btod_div_common                        0x08000d51   Thumb Code   696  btod.o(CL$$btod_div_common)
    _e2e                                     0x08001089   Thumb Code   220  btod.o(CL$$btod_e2e)
    _btod_ediv                               0x08001165   Thumb Code    42  btod.o(CL$$btod_ediv)
    _btod_emul                               0x0800118f   Thumb Code    42  btod.o(CL$$btod_emul)
    __btod_mult_common                       0x080011b9   Thumb Code   580  btod.o(CL$$btod_mult_common)
    AT24CXX_Init                             0x080013fd   Thumb Code     8  24cxx.o(i.AT24CXX_Init)
    AT24CXX_ReadOneByte                      0x08001405   Thumb Code    88  24cxx.o(i.AT24CXX_ReadOneByte)
    AT24CXX_WriteOneByte                     0x0800145d   Thumb Code    80  24cxx.o(i.AT24CXX_WriteOneByte)
    BusFault_Handler                         0x080014ad   Thumb Code     4  stm32f10x_it.o(i.BusFault_Handler)
    DebugMon_Handler                         0x080014b1   Thumb Code     2  stm32f10x_it.o(i.DebugMon_Handler)
    Duty_1000ms                              0x080014b5   Thumb Code    68  main.o(i.Duty_1000ms)
    Duty_100ms                               0x08001505   Thumb Code   202  main.o(i.Duty_100ms)
    Duty_10ms                                0x080015e9   Thumb Code     2  main.o(i.Duty_10ms)
    Duty_1ms                                 0x080015ed   Thumb Code    42  main.o(i.Duty_1ms)
    Duty_20ms                                0x0800162d   Thumb Code     2  main.o(i.Duty_20ms)
    Duty_2ms                                 0x0800162f   Thumb Code     2  main.o(i.Duty_2ms)
    Duty_50ms                                0x08001631   Thumb Code   112  main.o(i.Duty_50ms)
    Duty_5ms                                 0x080016b5   Thumb Code    18  main.o(i.Duty_5ms)
    Duty_Loop                                0x080016cd   Thumb Code   150  main.o(i.Duty_Loop)
    EXTI0_IRQHandler                         0x08001769   Thumb Code    88  main.o(i.EXTI0_IRQHandler)
    EXTI1_IRQHandler                         0x080017d5   Thumb Code    70  main.o(i.EXTI1_IRQHandler)
    EXTI2_IRQHandler                         0x0800184d   Thumb Code    86  main.o(i.EXTI2_IRQHandler)
    EXTI3_IRQHandler                         0x080018b9   Thumb Code    88  main.o(i.EXTI3_IRQHandler)
    EXTI_ClearITPendingBit                   0x08001929   Thumb Code     6  stm32f10x_exti.o(i.EXTI_ClearITPendingBit)
    EXTI_GetITStatus                         0x08001935   Thumb Code    34  stm32f10x_exti.o(i.EXTI_GetITStatus)
    EXTI_Init                                0x0800195d   Thumb Code   142  stm32f10x_exti.o(i.EXTI_Init)
    GPIO_EXTILineConfig                      0x080019f1   Thumb Code    60  stm32f10x_gpio.o(i.GPIO_EXTILineConfig)
    GPIO_Init                                0x08001a31   Thumb Code   278  stm32f10x_gpio.o(i.GPIO_Init)
    GPIO_PinRemapConfig                      0x08001b49   Thumb Code   138  stm32f10x_gpio.o(i.GPIO_PinRemapConfig)
    GPIO_ReadInputDataBit                    0x08001bd9   Thumb Code    18  stm32f10x_gpio.o(i.GPIO_ReadInputDataBit)
    GPIO_ResetBits                           0x08001beb   Thumb Code     4  stm32f10x_gpio.o(i.GPIO_ResetBits)
    GPIO_SetBits                             0x08001bef   Thumb Code     4  stm32f10x_gpio.o(i.GPIO_SetBits)
    GPIO_WriteBit                            0x08001bf3   Thumb Code    10  stm32f10x_gpio.o(i.GPIO_WriteBit)
    GetAdc                                   0x08001bfd   Thumb Code   138  adc.o(i.GetAdc)
    GetCPUTemperature                        0x08001c91   Thumb Code   100  adc.o(i.GetCPUTemperature)
    GetLightAdc                              0x08001d0d   Thumb Code    20  adc.o(i.GetLightAdc)
    GetTemperature                           0x08001d21   Thumb Code   220  adc.o(i.GetTemperature)
    GetTemperatureAdc                        0x08001e29   Thumb Code    20  adc.o(i.GetTemperatureAdc)
    HardFault_Handler                        0x08001e3d   Thumb Code     4  stm32f10x_it.o(i.HardFault_Handler)
    IIC_Ack                                  0x08001e41   Thumb Code    66  myiic.o(i.IIC_Ack)
    IIC_Init                                 0x08001e91   Thumb Code    52  myiic.o(i.IIC_Init)
    IIC_NAck                                 0x08001ecd   Thumb Code    66  myiic.o(i.IIC_NAck)
    IIC_Read_Byte                            0x08001f1d   Thumb Code    98  myiic.o(i.IIC_Read_Byte)
    IIC_Send_Byte                            0x08001f8d   Thumb Code    90  myiic.o(i.IIC_Send_Byte)
    IIC_Start                                0x08001ff5   Thumb Code    64  myiic.o(i.IIC_Start)
    IIC_Stop                                 0x08002041   Thumb Code    62  myiic.o(i.IIC_Stop)
    IIC_Wait_Ack                             0x0800208d   Thumb Code    86  myiic.o(i.IIC_Wait_Ack)
    Key_Init                                 0x080020f1   Thumb Code   230  key.o(i.Key_Init)
    LED_Init                                 0x080021dd   Thumb Code    90  led.o(i.LED_Init)
    LED_Scan                                 0x08002245   Thumb Code    84  main.o(i.LED_Scan)
    LedValue                                 0x080022a5   Thumb Code    24  led.o(i.LedValue)
    Loop_Check                               0x080022c1   Thumb Code    84  main.o(i.Loop_Check)
    MemManage_Handler                        0x08002319   Thumb Code     4  stm32f10x_it.o(i.MemManage_Handler)
    NMI_Handler                              0x0800231d   Thumb Code     2  stm32f10x_it.o(i.NMI_Handler)
    NVIC_Init                                0x08002321   Thumb Code   100  misc.o(i.NVIC_Init)
    NVIC_PriorityGroupConfig                 0x08002391   Thumb Code    10  misc.o(i.NVIC_PriorityGroupConfig)
    PendSV_Handler                           0x080023a5   Thumb Code     2  stm32f10x_it.o(i.PendSV_Handler)
    PortationDisplay                         0x080023a9   Thumb Code    90  led.o(i.PortationDisplay)
    RCC_APB2PeriphClockCmd                   0x0800240d   Thumb Code    26  stm32f10x_rcc.o(i.RCC_APB2PeriphClockCmd)
    SVC_Handler                              0x0800242d   Thumb Code     2  stm32f10x_it.o(i.SVC_Handler)
    SetLed                                   0x08002431   Thumb Code    90  led.o(i.SetLed)
    Sound                                    0x0800257d   Thumb Code    56  main.o(i.Sound)
    SysTick_CLKSourceConfig                  0x080025bd   Thumb Code    40  misc.o(i.SysTick_CLKSourceConfig)
    SysTick_Handler                          0x080025e5   Thumb Code     2  stm32f10x_it.o(i.SysTick_Handler)
    SystemInit                               0x080025e9   Thumb Code    78  system_stm32f10x.o(i.SystemInit)
    TIM3_IRQHandler                          0x08002649   Thumb Code    28  main.o(i.TIM3_IRQHandler)
    TIM_ClearITPendingBit                    0x08002669   Thumb Code     6  stm32f10x_tim.o(i.TIM_ClearITPendingBit)
    TIM_GetITStatus                          0x0800266f   Thumb Code    34  stm32f10x_tim.o(i.TIM_GetITStatus)
    TemperatureAndLightAdcInit               0x08002691   Thumb Code   308  adc.o(i.TemperatureAndLightAdcInit)
    TimerxInit                               0x080027d9   Thumb Code    96  timer.o(i.TimerxInit)
    USART1_IRQHandler                        0x08002841   Thumb Code   332  main.o(i.USART1_IRQHandler)
    UsageFault_Handler                       0x080029f1   Thumb Code     4  stm32f10x_it.o(i.UsageFault_Handler)
    __ARM_fpclassify                         0x080029f5   Thumb Code    40  fpclassify.o(i.__ARM_fpclassify)
    __kernel_poly                            0x08002a1d   Thumb Code   170  poly.o(i.__kernel_poly)
    __mathlib_dbl_divzero                    0x08002ac9   Thumb Code    12  dunder.o(i.__mathlib_dbl_divzero)
    __mathlib_dbl_infnan                     0x08002ad9   Thumb Code     6  dunder.o(i.__mathlib_dbl_infnan)
    __mathlib_dbl_invalid                    0x08002adf   Thumb Code    12  dunder.o(i.__mathlib_dbl_invalid)
    _is_digit                                0x08002aeb   Thumb Code    14  __printf_wp.o(i._is_digit)
    _sys_exit                                0x08002af9   Thumb Code     4  usart.o(i._sys_exit)
    delay_init                               0x08002afd   Thumb Code    50  delay.o(i.delay_init)
    delay_ms                                 0x08002b41   Thumb Code    72  delay.o(i.delay_ms)
    delay_us                                 0x08002b8d   Thumb Code    72  delay.o(i.delay_us)
    fputc                                    0x08002bd9   Thumb Code    24  usart.o(i.fputc)
    get_buf                                  0x08002bf5   Thumb Code    34  main.o(i.get_buf)
    log                                      0x08002c19   Thumb Code   808  log.o(i.log)
    main                                     0x08002f75   Thumb Code    70  main.o(i.main)
    play_music                               0x08002fc5   Thumb Code   170  main.o(i.play_music)
    uart_init                                0x08003095   Thumb Code   234  usart.o(i.uart_init)
    _get_lc_numeric                          0x08003191   Thumb Code    44  lc_numeric_c.o(locale$$code)
    __aeabi_d2f                              0x080031bd   Thumb Code     0  d2f.o(x$fpl$d2f)
    _d2f                                     0x080031bd   Thumb Code    98  d2f.o(x$fpl$d2f)
    __aeabi_dadd                             0x08003221   Thumb Code     0  daddsub_clz.o(x$fpl$dadd)
    _dadd                                    0x08003221   Thumb Code   332  daddsub_clz.o(x$fpl$dadd)
    __fpl_dcheck_NaN1                        0x08003371   Thumb Code    10  dcheck1.o(x$fpl$dcheck1)
    __fpl_dcmp_Inf                           0x08003381   Thumb Code    24  dcmpi.o(x$fpl$dcmpinf)
    __aeabi_ddiv                             0x08003399   Thumb Code     0  ddiv.o(x$fpl$ddiv)
    _ddiv                                    0x08003399   Thumb Code   552  ddiv.o(x$fpl$ddiv)
    __aeabi_cdcmpeq                          0x08003649   Thumb Code     0  deqf.o(x$fpl$deqf)
    _dcmpeq                                  0x08003649   Thumb Code   120  deqf.o(x$fpl$deqf)
    __aeabi_i2d                              0x080036c1   Thumb Code     0  dflt_clz.o(x$fpl$dflt)
    _dflt                                    0x080036c1   Thumb Code    46  dflt_clz.o(x$fpl$dflt)
    __aeabi_dmul                             0x080036f1   Thumb Code     0  dmul.o(x$fpl$dmul)
    _dmul                                    0x080036f1   Thumb Code   332  dmul.o(x$fpl$dmul)
    __fpl_dnaninf                            0x08003845   Thumb Code   156  dnaninf.o(x$fpl$dnaninf)
    __fpl_dretinf                            0x080038e1   Thumb Code    12  dretinf.o(x$fpl$dretinf)
    __aeabi_drsub                            0x080038ed   Thumb Code     0  daddsub_clz.o(x$fpl$drsb)
    _drsb                                    0x080038ed   Thumb Code    22  daddsub_clz.o(x$fpl$drsb)
    __aeabi_dsub                             0x08003905   Thumb Code     0  daddsub_clz.o(x$fpl$dsub)
    _dsub                                    0x08003905   Thumb Code   464  daddsub_clz.o(x$fpl$dsub)
    __aeabi_f2d                              0x08003ad9   Thumb Code     0  f2d.o(x$fpl$f2d)
    _f2d                                     0x08003ad9   Thumb Code    86  f2d.o(x$fpl$f2d)
    __aeabi_fadd                             0x08003b31   Thumb Code     0  faddsub_clz.o(x$fpl$fadd)
    _fadd                                    0x08003b31   Thumb Code   196  faddsub_clz.o(x$fpl$fadd)
    __aeabi_fdiv                             0x08003bf5   Thumb Code     0  fdiv.o(x$fpl$fdiv)
    _fdiv                                    0x08003bf5   Thumb Code   384  fdiv.o(x$fpl$fdiv)
    __aeabi_f2uiz                            0x08003d79   Thumb Code     0  ffixu.o(x$fpl$ffixu)
    _ffixu                                   0x08003d79   Thumb Code    62  ffixu.o(x$fpl$ffixu)
    __aeabi_ui2f                             0x08003db9   Thumb Code     0  fflt_clz.o(x$fpl$ffltu)
    _ffltu                                   0x08003db9   Thumb Code    38  fflt_clz.o(x$fpl$ffltu)
    __aeabi_fmul                             0x08003de1   Thumb Code     0  fmul.o(x$fpl$fmul)
    _fmul                                    0x08003de1   Thumb Code   258  fmul.o(x$fpl$fmul)
    __fpl_fnaninf                            0x08003ee3   Thumb Code   140  fnaninf.o(x$fpl$fnaninf)
    __fpl_fretinf                            0x08003f6f   Thumb Code    10  fretinf.o(x$fpl$fretinf)
    __aeabi_frsub                            0x08003f79   Thumb Code     0  faddsub_clz.o(x$fpl$frsb)
    _frsb                                    0x08003f79   Thumb Code    20  faddsub_clz.o(x$fpl$frsb)
    __aeabi_fsub                             0x08003f8d   Thumb Code     0  faddsub_clz.o(x$fpl$fsub)
    _fsub                                    0x08003f8d   Thumb Code   234  faddsub_clz.o(x$fpl$fsub)
    _printf_fp_dec                           0x08004077   Thumb Code     4  printf1.o(x$fpl$printf1)
    __fpl_return_NaN                         0x0800407b   Thumb Code   100  retnan.o(x$fpl$retnan)
    __ARM_scalbn                             0x080040df   Thumb Code    92  scalbn.o(x$fpl$scalbn)
    __fpl_cmpreturn                          0x0800413b   Thumb Code    48  trapv.o(x$fpl$trapveneer)
    __I$use$fp                               0x0800416a   Number         0  usenofp.o(x$fpl$usenofp)
    __mathlib_zero                           0x080041c0   Data           8  qnan.o(.constdata)
    Region$$Table$$Base                      0x080042a0   Number         0  anon$$obj.o(Region$$Table)
    Region$$Table$$Limit                     0x080042c0   Number         0  anon$$obj.o(Region$$Table)
    SystemCoreClock                          0x20000000   Data           4  system_stm32f10x.o(.data)
    AHBPrescTable                            0x20000004   Data          16  system_stm32f10x.o(.data)
    __stdout                                 0x20000018   Data           4  usart.o(.data)
    USART_RX_STA                             0x2000001c   Data           1  usart.o(.data)
    segTable                                 0x2000001d   Data          40  led.o(.data)
    segTablePortation                        0x20000045   Data          10  led.o(.data)
    KeyNum                                   0x20000050   Data           1  main.o(.data)
    Key                                      0x20000051   Data           5  main.o(.data)
    LED                                      0x20000056   Data          16  main.o(.data)
    LED_i                                    0x20000068   Data           4  main.o(.data)
    Sound_i                                  0x2000006c   Data           4  main.o(.data)
    Sound_e                                  0x20000070   Data           4  main.o(.data)
    hour                                     0x20000074   Data           4  main.o(.data)
    min                                      0x20000078   Data           4  main.o(.data)
    sec                                      0x2000007c   Data           4  main.o(.data)
    S_hour                                   0x20000080   Data           4  main.o(.data)
    S_min                                    0x20000084   Data           4  main.o(.data)
    Key_Flag                                 0x20000088   Data           4  main.o(.data)
    Key1_Flag                                0x2000008c   Data           4  main.o(.data)
    Key2_Flag                                0x20000090   Data           4  main.o(.data)
    Key4_Flag                                0x20000094   Data           4  main.o(.data)
    Time_Flag                                0x20000098   Data           4  main.o(.data)
    adcx                                     0x2000009c   Data           4  main.o(.data)
    cputemp                                  0x200000a0   Data           4  main.o(.data)
    adcValue                                 0x200000a4   Data           2  main.o(.data)
    USART_RX_BUF                             0x200000a8   Data          64  usart.o(.bss)
    Loop                                     0x200000e8   Data          18  main.o(.bss)
    __libspace_start                         0x200000fc   Data          96  libspace.o(.bss)
    __temporary_stack_top$libspace           0x2000015c   Data           0  libspace.o(.bss)



==============================================================================

Memory Map of the image

  Image Entry point : 0x080000ed

  Load Region LR_IROM1 (Base: 0x08000000, Size: 0x00004384, Max: 0x00020000, ABSOLUTE)

    Execution Region ER_IROM1 (Exec base: 0x08000000, Load base: 0x08000000, Size: 0x000042dc, Max: 0x00020000, ABSOLUTE)

    Exec Addr    Load Addr    Size         Type   Attr      Idx    E Section Name        Object

    0x08000000   0x08000000   0x000000ec   Data   RO            3    RESET               startup_stm32f10x_md.o
    0x080000ec   0x080000ec   0x00000008   Code   RO         3806  * !!!main             c_w.l(__main.o)
    0x080000f4   0x080000f4   0x00000034   Code   RO         4120    !!!scatter          c_w.l(__scatter.o)
    0x08000128   0x08000128   0x0000001a   Code   RO         4122    !!handler_copy      c_w.l(__scatter_copy.o)
    0x08000142   0x08000142   0x00000002   PAD
    0x08000144   0x08000144   0x0000001c   Code   RO         4124    !!handler_zi        c_w.l(__scatter_zi.o)
    0x08000160   0x08000160   0x00000000   Code   RO         3801    .ARM.Collect$$_printf_percent$$00000000  c_w.l(_printf_percent.o)
    0x08000160   0x08000160   0x00000006   Code   RO         3800    .ARM.Collect$$_printf_percent$$00000003  c_w.l(_printf_f.o)
    0x08000166   0x08000166   0x00000006   Code   RO         3799    .ARM.Collect$$_printf_percent$$00000009  c_w.l(_printf_d.o)
    0x0800016c   0x0800016c   0x00000004   Code   RO         3869    .ARM.Collect$$_printf_percent$$00000017  c_w.l(_printf_percent_end.o)
    0x08000170   0x08000170   0x00000002   Code   RO         3993    .ARM.Collect$$libinit$$00000000  c_w.l(libinit.o)
    0x08000172   0x08000172   0x00000000   Code   RO         3995    .ARM.Collect$$libinit$$00000002  c_w.l(libinit2.o)
    0x08000172   0x08000172   0x00000000   Code   RO         3997    .ARM.Collect$$libinit$$00000004  c_w.l(libinit2.o)
    0x08000172   0x08000172   0x00000000   Code   RO         4000    .ARM.Collect$$libinit$$0000000A  c_w.l(libinit2.o)
    0x08000172   0x08000172   0x00000000   Code   RO         4002    .ARM.Collect$$libinit$$0000000C  c_w.l(libinit2.o)
    0x08000172   0x08000172   0x00000000   Code   RO         4004    .ARM.Collect$$libinit$$0000000E  c_w.l(libinit2.o)
    0x08000172   0x08000172   0x00000006   Code   RO         4005    .ARM.Collect$$libinit$$0000000F  c_w.l(libinit2.o)
    0x08000178   0x08000178   0x00000000   Code   RO         4007    .ARM.Collect$$libinit$$00000011  c_w.l(libinit2.o)
    0x08000178   0x08000178   0x00000000   Code   RO         4009    .ARM.Collect$$libinit$$00000013  c_w.l(libinit2.o)
    0x08000178   0x08000178   0x00000000   Code   RO         4011    .ARM.Collect$$libinit$$00000015  c_w.l(libinit2.o)
    0x08000178   0x08000178   0x0000000a   Code   RO         4012    .ARM.Collect$$libinit$$00000016  c_w.l(libinit2.o)
    0x08000182   0x08000182   0x00000000   Code   RO         4013    .ARM.Collect$$libinit$$00000017  c_w.l(libinit2.o)
    0x08000182   0x08000182   0x00000000   Code   RO         4015    .ARM.Collect$$libinit$$00000019  c_w.l(libinit2.o)
    0x08000182   0x08000182   0x00000000   Code   RO         4017    .ARM.Collect$$libinit$$0000001B  c_w.l(libinit2.o)
    0x08000182   0x08000182   0x00000000   Code   RO         4019    .ARM.Collect$$libinit$$0000001D  c_w.l(libinit2.o)
    0x08000182   0x08000182   0x00000000   Code   RO         4021    .ARM.Collect$$libinit$$0000001F  c_w.l(libinit2.o)
    0x08000182   0x08000182   0x00000000   Code   RO         4023    .ARM.Collect$$libinit$$00000021  c_w.l(libinit2.o)
    0x08000182   0x08000182   0x00000000   Code   RO         4025    .ARM.Collect$$libinit$$00000023  c_w.l(libinit2.o)
    0x08000182   0x08000182   0x00000000   Code   RO         4027    .ARM.Collect$$libinit$$00000025  c_w.l(libinit2.o)
    0x08000182   0x08000182   0x00000000   Code   RO         4031    .ARM.Collect$$libinit$$0000002C  c_w.l(libinit2.o)
    0x08000182   0x08000182   0x00000000   Code   RO         4033    .ARM.Collect$$libinit$$0000002E  c_w.l(libinit2.o)
    0x08000182   0x08000182   0x00000000   Code   RO         4035    .ARM.Collect$$libinit$$00000030  c_w.l(libinit2.o)
    0x08000182   0x08000182   0x00000000   Code   RO         4037    .ARM.Collect$$libinit$$00000032  c_w.l(libinit2.o)
    0x08000182   0x08000182   0x00000002   Code   RO         4038    .ARM.Collect$$libinit$$00000033  c_w.l(libinit2.o)
    0x08000184   0x08000184   0x00000002   Code   RO         4070    .ARM.Collect$$libshutdown$$00000000  c_w.l(libshutdown.o)
    0x08000186   0x08000186   0x00000000   Code   RO         4079    .ARM.Collect$$libshutdown$$00000002  c_w.l(libshutdown2.o)
    0x08000186   0x08000186   0x00000000   Code   RO         4081    .ARM.Collect$$libshutdown$$00000004  c_w.l(libshutdown2.o)
    0x08000186   0x08000186   0x00000000   Code   RO         4084    .ARM.Collect$$libshutdown$$00000007  c_w.l(libshutdown2.o)
    0x08000186   0x08000186   0x00000000   Code   RO         4087    .ARM.Collect$$libshutdown$$0000000A  c_w.l(libshutdown2.o)
    0x08000186   0x08000186   0x00000000   Code   RO         4089    .ARM.Collect$$libshutdown$$0000000C  c_w.l(libshutdown2.o)
    0x08000186   0x08000186   0x00000000   Code   RO         4092    .ARM.Collect$$libshutdown$$0000000F  c_w.l(libshutdown2.o)
    0x08000186   0x08000186   0x00000002   Code   RO         4093    .ARM.Collect$$libshutdown$$00000010  c_w.l(libshutdown2.o)
    0x08000188   0x08000188   0x00000000   Code   RO         3860    .ARM.Collect$$rtentry$$00000000  c_w.l(__rtentry.o)
    0x08000188   0x08000188   0x00000000   Code   RO         3907    .ARM.Collect$$rtentry$$00000002  c_w.l(__rtentry2.o)
    0x08000188   0x08000188   0x00000006   Code   RO         3919    .ARM.Collect$$rtentry$$00000004  c_w.l(__rtentry4.o)
    0x0800018e   0x0800018e   0x00000000   Code   RO         3909    .ARM.Collect$$rtentry$$00000009  c_w.l(__rtentry2.o)
    0x0800018e   0x0800018e   0x00000004   Code   RO         3910    .ARM.Collect$$rtentry$$0000000A  c_w.l(__rtentry2.o)
    0x08000192   0x08000192   0x00000000   Code   RO         3912    .ARM.Collect$$rtentry$$0000000C  c_w.l(__rtentry2.o)
    0x08000192   0x08000192   0x00000008   Code   RO         3913    .ARM.Collect$$rtentry$$0000000D  c_w.l(__rtentry2.o)
    0x0800019a   0x0800019a   0x00000002   Code   RO         4041    .ARM.Collect$$rtexit$$00000000  c_w.l(rtexit.o)
    0x0800019c   0x0800019c   0x00000000   Code   RO         4050    .ARM.Collect$$rtexit$$00000002  c_w.l(rtexit2.o)
    0x0800019c   0x0800019c   0x00000004   Code   RO         4051    .ARM.Collect$$rtexit$$00000003  c_w.l(rtexit2.o)
    0x080001a0   0x080001a0   0x00000006   Code   RO         4052    .ARM.Collect$$rtexit$$00000004  c_w.l(rtexit2.o)
    0x080001a6   0x080001a6   0x00000002   PAD
    0x080001a8   0x080001a8   0x00000040   Code   RO            4    .text               startup_stm32f10x_md.o
    0x080001e8   0x080001e8   0x00000002   Code   RO         3767    .text               c_w.l(use_no_semi_2.o)
    0x080001ea   0x080001ea   0x00000002   PAD
    0x080001ec   0x080001ec   0x00000018   Code   RO         3771    .text               c_w.l(noretval__2printf.o)
    0x08000204   0x08000204   0x0000004e   Code   RO         3775    .text               c_w.l(_printf_pad.o)
    0x08000252   0x08000252   0x00000002   PAD
    0x08000254   0x08000254   0x00000078   Code   RO         3777    .text               c_w.l(_printf_dec.o)
    0x080002cc   0x080002cc   0x0000010e   Code   RO         3787    .text               c_w.l(__printf_wp.o)
    0x080003da   0x080003da   0x00000064   Code   RO         3802    .text               c_w.l(rt_memcpy_w.o)
    0x0800043e   0x0800043e   0x00000006   Code   RO         3804    .text               c_w.l(heapauxi.o)
    0x08000444   0x08000444   0x00000002   Code   RO         3858    .text               c_w.l(use_no_semi.o)
    0x08000446   0x08000446   0x00000016   Code   RO         3861    .text               c_w.l(_rserrno.o)
    0x0800045c   0x0800045c   0x000000b2   Code   RO         3863    .text               c_w.l(_printf_intcommon.o)
    0x0800050e   0x0800050e   0x0000041e   Code   RO         3865    .text               c_w.l(_printf_fp_dec.o)
    0x0800092c   0x0800092c   0x00000024   Code   RO         3867    .text               c_w.l(_printf_char_file.o)
    0x08000950   0x08000950   0x00000008   Code   RO         3924    .text               c_w.l(rt_locale_intlibspace.o)
    0x08000958   0x08000958   0x00000008   Code   RO         3929    .text               c_w.l(rt_errno_addr_intlibspace.o)
    0x08000960   0x08000960   0x0000008a   Code   RO         3931    .text               c_w.l(lludiv10.o)
    0x080009ea   0x080009ea   0x00000002   PAD
    0x080009ec   0x080009ec   0x00000030   Code   RO         3933    .text               c_w.l(_printf_char_common.o)
    0x08000a1c   0x08000a1c   0x00000080   Code   RO         3935    .text               c_w.l(_printf_fp_infnan.o)
    0x08000a9c   0x08000a9c   0x000000e4   Code   RO         3937    .text               c_w.l(bigflt0.o)
    0x08000b80   0x08000b80   0x00000008   Code   RO         3962    .text               c_w.l(ferror.o)
    0x08000b88   0x08000b88   0x00000008   Code   RO         3977    .text               c_w.l(libspace.o)
    0x08000b90   0x08000b90   0x0000004a   Code   RO         3980    .text               c_w.l(sys_stackheap_outer.o)
    0x08000bda   0x08000bda   0x00000012   Code   RO         3984    .text               c_w.l(exit.o)
    0x08000bec   0x08000bec   0x00000080   Code   RO         3986    .text               c_w.l(strcmpv7m.o)
    0x08000c6c   0x08000c6c   0x0000003e   Code   RO         3940    CL$$btod_d2e        c_w.l(btod.o)
    0x08000caa   0x08000caa   0x00000046   Code   RO         3942    CL$$btod_d2e_denorm_low  c_w.l(btod.o)
    0x08000cf0   0x08000cf0   0x00000060   Code   RO         3941    CL$$btod_d2e_norm_op1  c_w.l(btod.o)
    0x08000d50   0x08000d50   0x00000338   Code   RO         3950    CL$$btod_div_common  c_w.l(btod.o)
    0x08001088   0x08001088   0x000000dc   Code   RO         3947    CL$$btod_e2e        c_w.l(btod.o)
    0x08001164   0x08001164   0x0000002a   Code   RO         3944    CL$$btod_ediv       c_w.l(btod.o)
    0x0800118e   0x0800118e   0x0000002a   Code   RO         3943    CL$$btod_emul       c_w.l(btod.o)
    0x080011b8   0x080011b8   0x00000244   Code   RO         3949    CL$$btod_mult_common  c_w.l(btod.o)
    0x080013fc   0x080013fc   0x00000008   Code   RO         3497    i.AT24CXX_Init      24cxx.o
    0x08001404   0x08001404   0x00000058   Code   RO         3499    i.AT24CXX_ReadOneByte  24cxx.o
    0x0800145c   0x0800145c   0x00000050   Code   RO         3501    i.AT24CXX_WriteOneByte  24cxx.o
    0x080014ac   0x080014ac   0x00000004   Code   RO         3702    i.BusFault_Handler  stm32f10x_it.o
    0x080014b0   0x080014b0   0x00000002   Code   RO         3703    i.DebugMon_Handler  stm32f10x_it.o
    0x080014b2   0x080014b2   0x00000002   PAD
    0x080014b4   0x080014b4   0x00000050   Code   RO         3541    i.Duty_1000ms       main.o
    0x08001504   0x08001504   0x000000e4   Code   RO         3542    i.Duty_100ms        main.o
    0x080015e8   0x080015e8   0x00000002   Code   RO         3543    i.Duty_10ms         main.o
    0x080015ea   0x080015ea   0x00000002   PAD
    0x080015ec   0x080015ec   0x00000040   Code   RO         3544    i.Duty_1ms          main.o
    0x0800162c   0x0800162c   0x00000002   Code   RO         3545    i.Duty_20ms         main.o
    0x0800162e   0x0800162e   0x00000002   Code   RO         3546    i.Duty_2ms          main.o
    0x08001630   0x08001630   0x00000084   Code   RO         3547    i.Duty_50ms         main.o
    0x080016b4   0x080016b4   0x00000018   Code   RO         3548    i.Duty_5ms          main.o
    0x080016cc   0x080016cc   0x0000009c   Code   RO         3549    i.Duty_Loop         main.o
    0x08001768   0x08001768   0x0000006c   Code   RO         3550    i.EXTI0_IRQHandler  main.o
    0x080017d4   0x080017d4   0x00000078   Code   RO         3551    i.EXTI1_IRQHandler  main.o
    0x0800184c   0x0800184c   0x0000006c   Code   RO         3552    i.EXTI2_IRQHandler  main.o
    0x080018b8   0x080018b8   0x00000070   Code   RO         3553    i.EXTI3_IRQHandler  main.o
    0x08001928   0x08001928   0x0000000c   Code   RO          985    i.EXTI_ClearITPendingBit  stm32f10x_exti.o
    0x08001934   0x08001934   0x00000028   Code   RO          989    i.EXTI_GetITStatus  stm32f10x_exti.o
    0x0800195c   0x0800195c   0x00000094   Code   RO          990    i.EXTI_Init         stm32f10x_exti.o
    0x080019f0   0x080019f0   0x00000040   Code   RO         1344    i.GPIO_EXTILineConfig  stm32f10x_gpio.o
    0x08001a30   0x08001a30   0x00000116   Code   RO         1347    i.GPIO_Init         stm32f10x_gpio.o
    0x08001b46   0x08001b46   0x00000002   PAD
    0x08001b48   0x08001b48   0x00000090   Code   RO         1349    i.GPIO_PinRemapConfig  stm32f10x_gpio.o
    0x08001bd8   0x08001bd8   0x00000012   Code   RO         1351    i.GPIO_ReadInputDataBit  stm32f10x_gpio.o
    0x08001bea   0x08001bea   0x00000004   Code   RO         1354    i.GPIO_ResetBits    stm32f10x_gpio.o
    0x08001bee   0x08001bee   0x00000004   Code   RO         1355    i.GPIO_SetBits      stm32f10x_gpio.o
    0x08001bf2   0x08001bf2   0x0000000a   Code   RO         1358    i.GPIO_WriteBit     stm32f10x_gpio.o
    0x08001bfc   0x08001bfc   0x00000094   Code   RO         3357    i.GetAdc            adc.o
    0x08001c90   0x08001c90   0x0000007c   Code   RO         3358    i.GetCPUTemperature  adc.o
    0x08001d0c   0x08001d0c   0x00000014   Code   RO         3359    i.GetLightAdc       adc.o
    0x08001d20   0x08001d20   0x00000108   Code   RO         3360    i.GetTemperature    adc.o
    0x08001e28   0x08001e28   0x00000014   Code   RO         3361    i.GetTemperatureAdc  adc.o
    0x08001e3c   0x08001e3c   0x00000004   Code   RO         3704    i.HardFault_Handler  stm32f10x_it.o
    0x08001e40   0x08001e40   0x00000050   Code   RO         3439    i.IIC_Ack           myiic.o
    0x08001e90   0x08001e90   0x0000003c   Code   RO         3440    i.IIC_Init          myiic.o
    0x08001ecc   0x08001ecc   0x00000050   Code   RO         3441    i.IIC_NAck          myiic.o
    0x08001f1c   0x08001f1c   0x00000070   Code   RO         3442    i.IIC_Read_Byte     myiic.o
    0x08001f8c   0x08001f8c   0x00000068   Code   RO         3443    i.IIC_Send_Byte     myiic.o
    0x08001ff4   0x08001ff4   0x0000004c   Code   RO         3444    i.IIC_Start         myiic.o
    0x08002040   0x08002040   0x0000004c   Code   RO         3445    i.IIC_Stop          myiic.o
    0x0800208c   0x0800208c   0x00000064   Code   RO         3446    i.IIC_Wait_Ack      myiic.o
    0x080020f0   0x080020f0   0x000000ec   Code   RO         3282    i.Key_Init          key.o
    0x080021dc   0x080021dc   0x00000068   Code   RO         3315    i.LED_Init          led.o
    0x08002244   0x08002244   0x00000060   Code   RO         3554    i.LED_Scan          main.o
    0x080022a4   0x080022a4   0x0000001c   Code   RO         3316    i.LedValue          led.o
    0x080022c0   0x080022c0   0x00000058   Code   RO         3555    i.Loop_Check        main.o
    0x08002318   0x08002318   0x00000004   Code   RO         3705    i.MemManage_Handler  stm32f10x_it.o
    0x0800231c   0x0800231c   0x00000002   Code   RO         3706    i.NMI_Handler       stm32f10x_it.o
    0x0800231e   0x0800231e   0x00000002   PAD
    0x08002320   0x08002320   0x00000070   Code   RO          137    i.NVIC_Init         misc.o
    0x08002390   0x08002390   0x00000014   Code   RO          138    i.NVIC_PriorityGroupConfig  misc.o
    0x080023a4   0x080023a4   0x00000002   Code   RO         3707    i.PendSV_Handler    stm32f10x_it.o
    0x080023a6   0x080023a6   0x00000002   PAD
    0x080023a8   0x080023a8   0x00000064   Code   RO         3317    i.PortationDisplay  led.o
    0x0800240c   0x0800240c   0x00000020   Code   RO         1777    i.RCC_APB2PeriphClockCmd  stm32f10x_rcc.o
    0x0800242c   0x0800242c   0x00000002   Code   RO         3708    i.SVC_Handler       stm32f10x_it.o
    0x0800242e   0x0800242e   0x00000002   PAD
    0x08002430   0x08002430   0x00000064   Code   RO         3318    i.SetLed            led.o
    0x08002494   0x08002494   0x00000008   Code   RO           24    i.SetSysClock       system_stm32f10x.o
    0x0800249c   0x0800249c   0x000000e0   Code   RO           25    i.SetSysClockTo72   system_stm32f10x.o
    0x0800257c   0x0800257c   0x00000040   Code   RO         3556    i.Sound             main.o
    0x080025bc   0x080025bc   0x00000028   Code   RO          141    i.SysTick_CLKSourceConfig  misc.o
    0x080025e4   0x080025e4   0x00000002   Code   RO         3709    i.SysTick_Handler   stm32f10x_it.o
    0x080025e6   0x080025e6   0x00000002   PAD
    0x080025e8   0x080025e8   0x00000060   Code   RO           27    i.SystemInit        system_stm32f10x.o
    0x08002648   0x08002648   0x00000020   Code   RO         3557    i.TIM3_IRQHandler   main.o
    0x08002668   0x08002668   0x00000006   Code   RO         2416    i.TIM_ClearITPendingBit  stm32f10x_tim.o
    0x0800266e   0x0800266e   0x00000022   Code   RO         2442    i.TIM_GetITStatus   stm32f10x_tim.o
    0x08002690   0x08002690   0x00000148   Code   RO         3363    i.TemperatureAndLightAdcInit  adc.o
    0x080027d8   0x080027d8   0x00000068   Code   RO         3266    i.TimerxInit        timer.o
    0x08002840   0x08002840   0x000001b0   Code   RO         3558    i.USART1_IRQHandler  main.o
    0x080029f0   0x080029f0   0x00000004   Code   RO         3710    i.UsageFault_Handler  stm32f10x_it.o
    0x080029f4   0x080029f4   0x00000028   Code   RO         3975    i.__ARM_fpclassify  m_ws.l(fpclassify.o)
    0x08002a1c   0x08002a1c   0x000000aa   Code   RO         3903    i.__kernel_poly     m_ws.l(poly.o)
    0x08002ac6   0x08002ac6   0x00000002   PAD
    0x08002ac8   0x08002ac8   0x00000010   Code   RO         3889    i.__mathlib_dbl_divzero  m_ws.l(dunder.o)
    0x08002ad8   0x08002ad8   0x00000006   Code   RO         3890    i.__mathlib_dbl_infnan  m_ws.l(dunder.o)
    0x08002ade   0x08002ade   0x0000000c   Code   RO         3892    i.__mathlib_dbl_invalid  m_ws.l(dunder.o)
    0x08002aea   0x08002aea   0x0000000e   Code   RO         3789    i._is_digit         c_w.l(__printf_wp.o)
    0x08002af8   0x08002af8   0x00000004   Code   RO         3228    i._sys_exit         usart.o
    0x08002afc   0x08002afc   0x00000044   Code   RO         3196    i.delay_init        delay.o
    0x08002b40   0x08002b40   0x0000004c   Code   RO         3197    i.delay_ms          delay.o
    0x08002b8c   0x08002b8c   0x0000004c   Code   RO         3198    i.delay_us          delay.o
    0x08002bd8   0x08002bd8   0x0000001c   Code   RO         3229    i.fputc             usart.o
    0x08002bf4   0x08002bf4   0x00000022   Code   RO         3559    i.get_buf           main.o
    0x08002c16   0x08002c16   0x00000002   PAD
    0x08002c18   0x08002c18   0x0000035c   Code   RO         3849    i.log               m_ws.l(log.o)
    0x08002f74   0x08002f74   0x00000050   Code   RO         3560    i.main              main.o
    0x08002fc4   0x08002fc4   0x000000d0   Code   RO         3561    i.play_music        main.o
    0x08003094   0x08003094   0x000000fc   Code   RO         3230    i.uart_init         usart.o
    0x08003190   0x08003190   0x0000002c   Code   RO         3967    locale$$code        c_w.l(lc_numeric_c.o)
    0x080031bc   0x080031bc   0x00000062   Code   RO         3808    x$fpl$d2f           fz_ws.l(d2f.o)
    0x0800321e   0x0800321e   0x00000002   PAD
    0x08003220   0x08003220   0x00000150   Code   RO         3810    x$fpl$dadd          fz_ws.l(daddsub_clz.o)
    0x08003370   0x08003370   0x00000010   Code   RO         3969    x$fpl$dcheck1       fz_ws.l(dcheck1.o)
    0x08003380   0x08003380   0x00000018   Code   RO         3971    x$fpl$dcmpinf       fz_ws.l(dcmpi.o)
    0x08003398   0x08003398   0x000002b0   Code   RO         3817    x$fpl$ddiv          fz_ws.l(ddiv.o)
    0x08003648   0x08003648   0x00000078   Code   RO         3870    x$fpl$deqf          fz_ws.l(deqf.o)
    0x080036c0   0x080036c0   0x0000002e   Code   RO         3873    x$fpl$dflt          fz_ws.l(dflt_clz.o)
    0x080036ee   0x080036ee   0x00000002   PAD
    0x080036f0   0x080036f0   0x00000154   Code   RO         3820    x$fpl$dmul          fz_ws.l(dmul.o)
    0x08003844   0x08003844   0x0000009c   Code   RO         3878    x$fpl$dnaninf       fz_ws.l(dnaninf.o)
    0x080038e0   0x080038e0   0x0000000c   Code   RO         3880    x$fpl$dretinf       fz_ws.l(dretinf.o)
    0x080038ec   0x080038ec   0x00000016   Code   RO         3811    x$fpl$drsb          fz_ws.l(daddsub_clz.o)
    0x08003902   0x08003902   0x00000002   PAD
    0x08003904   0x08003904   0x000001d4   Code   RO         3812    x$fpl$dsub          fz_ws.l(daddsub_clz.o)
    0x08003ad8   0x08003ad8   0x00000056   Code   RO         3822    x$fpl$f2d           fz_ws.l(f2d.o)
    0x08003b2e   0x08003b2e   0x00000002   PAD
    0x08003b30   0x08003b30   0x000000c4   Code   RO         3824    x$fpl$fadd          fz_ws.l(faddsub_clz.o)
    0x08003bf4   0x08003bf4   0x00000184   Code   RO         3831    x$fpl$fdiv          fz_ws.l(fdiv.o)
    0x08003d78   0x08003d78   0x0000003e   Code   RO         3834    x$fpl$ffixu         fz_ws.l(ffixu.o)
    0x08003db6   0x08003db6   0x00000002   PAD
    0x08003db8   0x08003db8   0x00000026   Code   RO         3838    x$fpl$ffltu         fz_ws.l(fflt_clz.o)
    0x08003dde   0x08003dde   0x00000002   PAD
    0x08003de0   0x08003de0   0x00000102   Code   RO         3844    x$fpl$fmul          fz_ws.l(fmul.o)
    0x08003ee2   0x08003ee2   0x0000008c   Code   RO         3882    x$fpl$fnaninf       fz_ws.l(fnaninf.o)
    0x08003f6e   0x08003f6e   0x0000000a   Code   RO         3884    x$fpl$fretinf       fz_ws.l(fretinf.o)
    0x08003f78   0x08003f78   0x00000014   Code   RO         3825    x$fpl$frsb          fz_ws.l(faddsub_clz.o)
    0x08003f8c   0x08003f8c   0x000000ea   Code   RO         3826    x$fpl$fsub          fz_ws.l(faddsub_clz.o)
    0x08004076   0x08004076   0x00000004   Code   RO         3846    x$fpl$printf1       fz_ws.l(printf1.o)
    0x0800407a   0x0800407a   0x00000064   Code   RO         4039    x$fpl$retnan        fz_ws.l(retnan.o)
    0x080040de   0x080040de   0x0000005c   Code   RO         3886    x$fpl$scalbn        fz_ws.l(scalbn.o)
    0x0800413a   0x0800413a   0x00000030   Code   RO         4047    x$fpl$trapveneer    fz_ws.l(trapv.o)
    0x0800416a   0x0800416a   0x00000000   Code   RO         3888    x$fpl$usenofp       fz_ws.l(usenofp.o)
    0x0800416a   0x0800416a   0x00000002   PAD
    0x0800416c   0x0800416c   0x0000001c   Data   RO         3563    .constdata          main.o
    0x08004188   0x08004188   0x00000038   Data   RO         3850    .constdata          m_ws.l(log.o)
    0x080041c0   0x080041c0   0x00000008   Data   RO         3905    .constdata          m_ws.l(qnan.o)
    0x080041c8   0x080041c8   0x00000094   Data   RO         3938    .constdata          c_w.l(bigflt0.o)
    0x0800425c   0x0800425c   0x00000044   Data   RO         3564    .conststring        main.o
    0x080042a0   0x080042a0   0x00000020   Data   RO         4118    Region$$Table       anon$$obj.o
    0x080042c0   0x080042c0   0x0000001c   Data   RO         3966    locale$$data        c_w.l(lc_numeric_c.o)


    Execution Region RW_IRAM1 (Exec base: 0x20000000, Load base: 0x080042dc, Size: 0x00000760, Max: 0x00005000, ABSOLUTE)

    Exec Addr    Load Addr    Size         Type   Attr      Idx    E Section Name        Object

    0x20000000   0x080042dc   0x00000014   Data   RW           28    .data               system_stm32f10x.o
    0x20000014   0x080042f0   0x00000004   Data   RW         3199    .data               delay.o
    0x20000018   0x080042f4   0x00000005   Data   RW         3232    .data               usart.o
    0x2000001d   0x080042f9   0x00000032   Data   RW         3320    .data               led.o
    0x2000004f   0x0800432b   0x00000001   PAD
    0x20000050   0x0800432c   0x00000056   Data   RW         3565    .data               main.o
    0x200000a6   0x08004382   0x00000002   PAD
    0x200000a8        -       0x00000040   Zero   RW         3231    .bss                usart.o
    0x200000e8        -       0x00000012   Zero   RW         3562    .bss                main.o
    0x200000fa   0x08004382   0x00000002   PAD
    0x200000fc        -       0x00000060   Zero   RW         3978    .bss                c_w.l(libspace.o)
    0x2000015c   0x08004382   0x00000004   PAD
    0x20000160        -       0x00000200   Zero   RW            2    HEAP                startup_stm32f10x_md.o
    0x20000360        -       0x00000400   Zero   RW            1    STACK               startup_stm32f10x_md.o


==============================================================================

Image component sizes


      Code (inc. data)   RO Data    RW Data    ZI Data      Debug   Object Name

       176          0          0          0          0       1572   24cxx.o
       904         98          0          0          0       3257   adc.o
         0          0          0          0          0       4508   core_cm3.o
       220         26          0          4          0       1571   delay.o
       236          6          0          0          0        627   key.o
       332         38          0         50          0       2635   led.o
      2172        384         96         86         18      11273   main.o
       172         22          0          0          0     207277   misc.o
       688        104          0          0          0       3894   myiic.o
        64         26        236          0       1536        800   startup_stm32f10x_md.o
         0          0          0          0          0       1644   stm32f10x_adc.o
       200         18          0          0          0       4016   stm32f10x_exti.o
       522         10          0          0          0      13584   stm32f10x_gpio.o
        26          0          0          0          0       3602   stm32f10x_it.o
        32          6          0          0          0        521   stm32f10x_rcc.o
        40          0          0          0          0      21886   stm32f10x_tim.o
       328         28          0         20          0      10353   system_stm32f10x.o
       104          8          0          0          0        573   timer.o
       284         22          0          5         64       3480   usart.o

    ----------------------------------------------------------------------
      6516        796        364        168       1620     297073   Object Totals
         0          0         32          0          0          0   (incl. Generated)
        16          0          0          3          2          0   (incl. Padding)

    ----------------------------------------------------------------------

      Code (inc. data)   RO Data    RW Data    ZI Data      Debug   Library Member Name

         8          0          0          0          0         68   __main.o
       284          0          0          0          0        156   __printf_wp.o
         0          0          0          0          0          0   __rtentry.o
        12          0          0          0          0          0   __rtentry2.o
         6          0          0          0          0          0   __rtentry4.o
        52          8          0          0          0          0   __scatter.o
        26          0          0          0          0          0   __scatter_copy.o
        28          0          0          0          0          0   __scatter_zi.o
        48          6          0          0          0         96   _printf_char_common.o
        36          4          0          0          0         80   _printf_char_file.o
         6          0          0          0          0          0   _printf_d.o
       120         16          0          0          0         92   _printf_dec.o
         6          0          0          0          0          0   _printf_f.o
      1054          0          0          0          0        216   _printf_fp_dec.o
       128         16          0          0          0         84   _printf_fp_infnan.o
       178          0          0          0          0         88   _printf_intcommon.o
        78          0          0          0          0        108   _printf_pad.o
         0          0          0          0          0          0   _printf_percent.o
         4          0          0          0          0          0   _printf_percent_end.o
        22          0          0          0          0        100   _rserrno.o
       228          4        148          0          0         96   bigflt0.o
      1936        128          0          0          0        672   btod.o
        18          0          0          0          0         80   exit.o
         8          0          0          0          0         68   ferror.o
         6          0          0          0          0        152   heapauxi.o
        44         10         28          0          0         76   lc_numeric_c.o
         2          0          0          0          0          0   libinit.o
        18          0          0          0          0          0   libinit2.o
         2          0          0          0          0          0   libshutdown.o
         2          0          0          0          0          0   libshutdown2.o
         8          4          0          0         96         68   libspace.o
       138          0          0          0          0         80   lludiv10.o
        24          4          0          0          0         84   noretval__2printf.o
         8          4          0          0          0         68   rt_errno_addr_intlibspace.o
         8          4          0          0          0         68   rt_locale_intlibspace.o
       100          0          0          0          0         80   rt_memcpy_w.o
         2          0          0          0          0          0   rtexit.o
        10          0          0          0          0          0   rtexit2.o
       128          0          0          0          0         68   strcmpv7m.o
        74          0          0          0          0         80   sys_stackheap_outer.o
         2          0          0          0          0         68   use_no_semi.o
         2          0          0          0          0         68   use_no_semi_2.o
        98          4          0          0          0         92   d2f.o
       826         16          0          0          0        348   daddsub_clz.o
        16          4          0          0          0         68   dcheck1.o
        24          0          0          0          0         68   dcmpi.o
       688        140          0          0          0        208   ddiv.o
       120          4          0          0          0         92   deqf.o
        46          0          0          0          0         68   dflt_clz.o
       340         12          0          0          0        104   dmul.o
       156          4          0          0          0         92   dnaninf.o
        12          0          0          0          0         68   dretinf.o
        86          4          0          0          0         84   f2d.o
       450          8          0          0          0        236   faddsub_clz.o
       388         76          0          0          0         96   fdiv.o
        62          4          0          0          0         84   ffixu.o
        38          0          0          0          0         68   fflt_clz.o
       258          4          0          0          0         84   fmul.o
       140          4          0          0          0         84   fnaninf.o
        10          0          0          0          0         68   fretinf.o
         4          0          0          0          0         68   printf1.o
       100          0          0          0          0         68   retnan.o
        92          0          0          0          0         68   scalbn.o
        48          0          0          0          0         68   trapv.o
         0          0          0          0          0          0   usenofp.o
        34          4          0          0          0        204   dunder.o
        40          0          0          0          0         68   fpclassify.o
       860         52         56          0          0        256   log.o
       170          0          0          0          0         96   poly.o
         0          0          8          0          0          0   qnan.o

    ----------------------------------------------------------------------
      9996        548        240          0        100       5872   Library Totals
        26          0          0          0          4          0   (incl. Padding)

    ----------------------------------------------------------------------

      Code (inc. data)   RO Data    RW Data    ZI Data      Debug   Library Name

      4864        208        176          0         96       2964   c_w.l
      4002        284          0          0          0       2284   fz_ws.l
      1104         56         64          0          0        624   m_ws.l

    ----------------------------------------------------------------------
      9996        548        240          0        100       5872   Library Totals

    ----------------------------------------------------------------------

==============================================================================


      Code (inc. data)   RO Data    RW Data    ZI Data      Debug   

     16512       1344        604        168       1720     295869   Grand Totals
     16512       1344        604        168       1720     295869   ELF Image Totals
     16512       1344        604        168          0          0   ROM Totals

==============================================================================

    Total RO  Size (Code + RO Data)                17116 (  16.71kB)
    Total RW  Size (RW Data + ZI Data)              1888 (   1.84kB)
    Total ROM Size (Code + RO Data + RW Data)      17284 (  16.88kB)

==============================================================================

